Archive member included to satisfy reference by file (symbol)

/Users/user/WORK/stm32/stm32l476g-disco_hal_lib/Debug/libstm32l476g-disco_hal_lib.a(stm32l4xx_hal.o)
                              src/stm32l4xx_it.o (HAL_IncTick)
/Users/user/WORK/stm32/stm32l476g-disco_hal_lib/Debug/libstm32l476g-disco_hal_lib.a(stm32l4xx_hal_cortex.o)
                              /Users/user/WORK/stm32/stm32l476g-disco_hal_lib/Debug/libstm32l476g-disco_hal_lib.a(stm32l4xx_hal.o) (HAL_NVIC_SetPriorityGrouping)
/Users/user/WORK/stm32/stm32l476g-disco_hal_lib/Debug/libstm32l476g-disco_hal_lib.a(stm32l4xx_hal_gpio.o)
                              src/main.o (HAL_GPIO_Init)
/Applications/Eclipse.app/Contents/Eclipse/plugins/fr.ac6.mcu.externaltools.arm-none.macos64_1.12.0.201611241417/tools/compiler/bin/../lib/gcc/arm-none-eabi/5.4.1/../../../../arm-none-eabi/lib/armv7e-m/fpu/libc.a(lib_a-errno.o)
                              src/syscalls.o (__errno)
/Applications/Eclipse.app/Contents/Eclipse/plugins/fr.ac6.mcu.externaltools.arm-none.macos64_1.12.0.201611241417/tools/compiler/bin/../lib/gcc/arm-none-eabi/5.4.1/../../../../arm-none-eabi/lib/armv7e-m/fpu/libc.a(lib_a-exit.o)
                              /Applications/Eclipse.app/Contents/Eclipse/plugins/fr.ac6.mcu.externaltools.arm-none.macos64_1.12.0.201611241417/tools/compiler/bin/../lib/gcc/arm-none-eabi/5.4.1/../../../../arm-none-eabi/lib/armv7e-m/fpu/crt0.o (exit)
/Applications/Eclipse.app/Contents/Eclipse/plugins/fr.ac6.mcu.externaltools.arm-none.macos64_1.12.0.201611241417/tools/compiler/bin/../lib/gcc/arm-none-eabi/5.4.1/../../../../arm-none-eabi/lib/armv7e-m/fpu/libc.a(lib_a-impure.o)
                              /Applications/Eclipse.app/Contents/Eclipse/plugins/fr.ac6.mcu.externaltools.arm-none.macos64_1.12.0.201611241417/tools/compiler/bin/../lib/gcc/arm-none-eabi/5.4.1/../../../../arm-none-eabi/lib/armv7e-m/fpu/libc.a(lib_a-exit.o) (_global_impure_ptr)
/Applications/Eclipse.app/Contents/Eclipse/plugins/fr.ac6.mcu.externaltools.arm-none.macos64_1.12.0.201611241417/tools/compiler/bin/../lib/gcc/arm-none-eabi/5.4.1/../../../../arm-none-eabi/lib/armv7e-m/fpu/libc.a(lib_a-init.o)
                              /Applications/Eclipse.app/Contents/Eclipse/plugins/fr.ac6.mcu.externaltools.arm-none.macos64_1.12.0.201611241417/tools/compiler/bin/../lib/gcc/arm-none-eabi/5.4.1/../../../../arm-none-eabi/lib/armv7e-m/fpu/crt0.o (__libc_init_array)
/Applications/Eclipse.app/Contents/Eclipse/plugins/fr.ac6.mcu.externaltools.arm-none.macos64_1.12.0.201611241417/tools/compiler/bin/../lib/gcc/arm-none-eabi/5.4.1/../../../../arm-none-eabi/lib/armv7e-m/fpu/libc.a(lib_a-memset.o)
                              /Applications/Eclipse.app/Contents/Eclipse/plugins/fr.ac6.mcu.externaltools.arm-none.macos64_1.12.0.201611241417/tools/compiler/bin/../lib/gcc/arm-none-eabi/5.4.1/../../../../arm-none-eabi/lib/armv7e-m/fpu/crt0.o (memset)
/Applications/Eclipse.app/Contents/Eclipse/plugins/fr.ac6.mcu.externaltools.arm-none.macos64_1.12.0.201611241417/tools/compiler/bin/../lib/gcc/arm-none-eabi/5.4.1/../../../../arm-none-eabi/lib/armv7e-m/fpu/libc.a(lib_a-__call_atexit.o)
                              /Applications/Eclipse.app/Contents/Eclipse/plugins/fr.ac6.mcu.externaltools.arm-none.macos64_1.12.0.201611241417/tools/compiler/bin/../lib/gcc/arm-none-eabi/5.4.1/../../../../arm-none-eabi/lib/armv7e-m/fpu/libc.a(lib_a-exit.o) (__call_exitprocs)
/Applications/Eclipse.app/Contents/Eclipse/plugins/fr.ac6.mcu.externaltools.arm-none.macos64_1.12.0.201611241417/tools/compiler/bin/../lib/gcc/arm-none-eabi/5.4.1/../../../../arm-none-eabi/lib/armv7e-m/fpu/libc.a(lib_a-atexit.o)
                              /Applications/Eclipse.app/Contents/Eclipse/plugins/fr.ac6.mcu.externaltools.arm-none.macos64_1.12.0.201611241417/tools/compiler/bin/../lib/gcc/arm-none-eabi/5.4.1/../../../../arm-none-eabi/lib/armv7e-m/fpu/libc.a(lib_a-__call_atexit.o) (atexit)
/Applications/Eclipse.app/Contents/Eclipse/plugins/fr.ac6.mcu.externaltools.arm-none.macos64_1.12.0.201611241417/tools/compiler/bin/../lib/gcc/arm-none-eabi/5.4.1/../../../../arm-none-eabi/lib/armv7e-m/fpu/libc.a(lib_a-fini.o)
                              /Applications/Eclipse.app/Contents/Eclipse/plugins/fr.ac6.mcu.externaltools.arm-none.macos64_1.12.0.201611241417/tools/compiler/bin/../lib/gcc/arm-none-eabi/5.4.1/../../../../arm-none-eabi/lib/armv7e-m/fpu/libc.a(lib_a-__call_atexit.o) (__libc_fini_array)
/Applications/Eclipse.app/Contents/Eclipse/plugins/fr.ac6.mcu.externaltools.arm-none.macos64_1.12.0.201611241417/tools/compiler/bin/../lib/gcc/arm-none-eabi/5.4.1/../../../../arm-none-eabi/lib/armv7e-m/fpu/libc.a(lib_a-__atexit.o)
                              /Applications/Eclipse.app/Contents/Eclipse/plugins/fr.ac6.mcu.externaltools.arm-none.macos64_1.12.0.201611241417/tools/compiler/bin/../lib/gcc/arm-none-eabi/5.4.1/../../../../arm-none-eabi/lib/armv7e-m/fpu/libc.a(lib_a-atexit.o) (__register_exitproc)

Allocating common symbols
[...]
Memory Configuration

Name             Origin             Length             Attributes
FLASH            0x0000000008000000 0x0000000000100000 xr
RAM              0x0000000020000000 0x0000000000018000 xrw
*default*        0x0000000000000000 0xffffffffffffffff

Linker script and memory map

LOAD /Applications/Eclipse.app/Contents/Eclipse/plugins/fr.ac6.mcu.externaltools.arm-none.macos64_1.12.0.201611241417/tools/compiler/bin/../lib/gcc/arm-none-eabi/5.4.1/armv7e-m/fpu/crti.o
LOAD /Applications/Eclipse.app/Contents/Eclipse/plugins/fr.ac6.mcu.externaltools.arm-none.macos64_1.12.0.201611241417/tools/compiler/bin/../lib/gcc/arm-none-eabi/5.4.1/armv7e-m/fpu/crtbegin.o
LOAD /Applications/Eclipse.app/Contents/Eclipse/plugins/fr.ac6.mcu.externaltools.arm-none.macos64_1.12.0.201611241417/tools/compiler/bin/../lib/gcc/arm-none-eabi/5.4.1/../../../../arm-none-eabi/lib/armv7e-m/fpu/crt0.o
LOAD /Applications/Eclipse.app/Contents/Eclipse/plugins/fr.ac6.mcu.externaltools.arm-none.macos64_1.12.0.201611241417/tools/compiler/bin/../lib/gcc/arm-none-eabi/5.4.1/../../../../arm-none-eabi/lib/armv7e-m/fpu/libm.a
LOAD src/main.o
LOAD src/stm32l4xx_it.o
LOAD src/syscalls.o
LOAD src/system_stm32l4xx.o
LOAD startup/startup_stm32l476xx.o
LOAD /Users/user/WORK/stm32/stm32l476g-disco_hal_lib/Debug/libstm32l476g-disco_hal_lib.a
START GROUP
LOAD /Applications/Eclipse.app/Contents/Eclipse/plugins/fr.ac6.mcu.externaltools.arm-none.macos64_1.12.0.201611241417/tools/compiler/bin/../lib/gcc/arm-none-eabi/5.4.1/armv7e-m/fpu/libgcc.a
LOAD /Applications/Eclipse.app/Contents/Eclipse/plugins/fr.ac6.mcu.externaltools.arm-none.macos64_1.12.0.201611241417/tools/compiler/bin/../lib/gcc/arm-none-eabi/5.4.1/../../../../arm-none-eabi/lib/armv7e-m/fpu/libc.a
END GROUP
LOAD /Applications/Eclipse.app/Contents/Eclipse/plugins/fr.ac6.mcu.externaltools.arm-none.macos64_1.12.0.201611241417/tools/compiler/bin/../lib/gcc/arm-none-eabi/5.4.1/armv7e-m/fpu/crtend.o
LOAD /Applications/Eclipse.app/Contents/Eclipse/plugins/fr.ac6.mcu.externaltools.arm-none.macos64_1.12.0.201611241417/tools/compiler/bin/../lib/gcc/arm-none-eabi/5.4.1/armv7e-m/fpu/crtn.o
                0x0000000020018000                _estack = 0x20018000
                0x0000000000000200                _Min_Heap_Size = 0x200
                0x0000000000000400                _Min_Stack_Size = 0x400

.isr_vector     0x0000000008000000      0x188
                0x0000000008000000                . = ALIGN (0x8)
 *(.isr_vector)
 .isr_vector    0x0000000008000000      0x188 startup/startup_stm32l476xx.o
                0x0000000008000000                g_pfnVectors
                0x0000000008000188                . = ALIGN (0x8)

.text           0x0000000008000188      0x6f0
                0x0000000008000188                . = ALIGN (0x8)
 *(.text)
 .text          0x0000000008000188       0x5c /Applications/Eclipse.app/Contents/Eclipse/plugins/fr.ac6.mcu.externaltools.arm-none.macos64_1.12.0.201611241417/tools/compiler/bin/../lib/gcc/arm-none-eabi/5.4.1/armv7e-m/fpu/crtbegin.o
 *(.text*)
 .text.main     0x00000000080001e4       0x68 src/main.o
                0x00000000080001e4                main
 .text.SysTick_Handler
                0x000000000800024c       0x10 src/stm32l4xx_it.o
                0x000000000800024c                SysTick_Handler
 .text.SystemInit
                0x000000000800025c       0x6c src/system_stm32l4xx.o
                0x000000000800025c                SystemInit
 .text.Reset_Handler
                0x00000000080002c8       0x50 startup/startup_stm32l476xx.o
                0x00000000080002c8                Reset_Handler
 .text.Default_Handler
                0x0000000008000318        0x2 startup/startup_stm32l476xx.o
                0x0000000008000318                TIM1_BRK_TIM15_IRQHandler
                0x0000000008000318                EXTI2_IRQHandler
                0x0000000008000318                TIM8_TRG_COM_IRQHandler
                0x0000000008000318                TIM8_CC_IRQHandler
                0x0000000008000318                DebugMon_Handler
                0x0000000008000318                TIM1_CC_IRQHandler
                0x0000000008000318                TSC_IRQHandler
                0x0000000008000318                HardFault_Handler
                0x0000000008000318                TAMP_STAMP_IRQHandler
                0x0000000008000318                PendSV_Handler
                0x0000000008000318                NMI_Handler
                0x0000000008000318                EXTI3_IRQHandler
                0x0000000008000318                LPTIM2_IRQHandler
                0x0000000008000318                DFSDM1_FLT1_IRQHandler
                0x0000000008000318                I2C3_ER_IRQHandler
                0x0000000008000318                DFSDM1_FLT2_IRQHandler
                0x0000000008000318                EXTI0_IRQHandler
                0x0000000008000318                I2C2_EV_IRQHandler
                0x0000000008000318                CAN1_RX0_IRQHandler
                0x0000000008000318                FPU_IRQHandler
                0x0000000008000318                TIM1_UP_TIM16_IRQHandler
                0x0000000008000318                UsageFault_Handler
                0x0000000008000318                ADC1_2_IRQHandler
                0x0000000008000318                SPI1_IRQHandler
                0x0000000008000318                TIM6_DAC_IRQHandler
                0x0000000008000318                TIM8_UP_IRQHandler
                0x0000000008000318                DMA2_Channel2_IRQHandler
                0x0000000008000318                DMA1_Channel4_IRQHandler
                0x0000000008000318                SAI2_IRQHandler
                0x0000000008000318                DFSDM1_FLT3_IRQHandler
                0x0000000008000318                USART3_IRQHandler
                0x0000000008000318                DMA1_Channel7_IRQHandler
                0x0000000008000318                CAN1_RX1_IRQHandler
                0x0000000008000318                LCD_IRQHandler
                0x0000000008000318                UART5_IRQHandler
                0x0000000008000318                ADC3_IRQHandler
                0x0000000008000318                TIM4_IRQHandler
                0x0000000008000318                DMA2_Channel1_IRQHandler
                0x0000000008000318                QUADSPI_IRQHandler
                0x0000000008000318                I2C1_EV_IRQHandler
                0x0000000008000318                DMA1_Channel6_IRQHandler
                0x0000000008000318                UART4_IRQHandler
                0x0000000008000318                DMA2_Channel4_IRQHandler
                0x0000000008000318                TIM3_IRQHandler
                0x0000000008000318                RCC_IRQHandler
                0x0000000008000318                DMA1_Channel1_IRQHandler
                0x0000000008000318                Default_Handler
                0x0000000008000318                DMA2_Channel7_IRQHandler
                0x0000000008000318                EXTI15_10_IRQHandler
                0x0000000008000318                TIM7_IRQHandler
                0x0000000008000318                SDMMC1_IRQHandler
                0x0000000008000318                TIM5_IRQHandler
                0x0000000008000318                I2C3_EV_IRQHandler
                0x0000000008000318                EXTI9_5_IRQHandler
                0x0000000008000318                RTC_WKUP_IRQHandler
                0x0000000008000318                PVD_PVM_IRQHandler
                0x0000000008000318                SPI2_IRQHandler
                0x0000000008000318                MemManage_Handler
                0x0000000008000318                CAN1_TX_IRQHandler
                0x0000000008000318                SVC_Handler
                0x0000000008000318                DMA2_Channel5_IRQHandler
                0x0000000008000318                DMA1_Channel5_IRQHandler
                0x0000000008000318                EXTI4_IRQHandler
                0x0000000008000318                RNG_IRQHandler
                0x0000000008000318                TIM1_TRG_COM_TIM17_IRQHandler
                0x0000000008000318                DMA1_Channel3_IRQHandler
                0x0000000008000318                COMP_IRQHandler
                0x0000000008000318                WWDG_IRQHandler
                0x0000000008000318                LPUART1_IRQHandler
                0x0000000008000318                DMA2_Channel6_IRQHandler
                0x0000000008000318                TIM2_IRQHandler
                0x0000000008000318                EXTI1_IRQHandler
                0x0000000008000318                USART2_IRQHandler
                0x0000000008000318                DFSDM1_FLT0_IRQHandler
                0x0000000008000318                I2C2_ER_IRQHandler
                0x0000000008000318                DMA1_Channel2_IRQHandler
                0x0000000008000318                TIM8_BRK_IRQHandler
                0x0000000008000318                CAN1_SCE_IRQHandler
                0x0000000008000318                FLASH_IRQHandler
                0x0000000008000318                BusFault_Handler
                0x0000000008000318                USART1_IRQHandler
                0x0000000008000318                OTG_FS_IRQHandler
                0x0000000008000318                SPI3_IRQHandler
                0x0000000008000318                I2C1_ER_IRQHandler
                0x0000000008000318                FMC_IRQHandler
                0x0000000008000318                SWPMI1_IRQHandler
                0x0000000008000318                LPTIM1_IRQHandler
                0x0000000008000318                SAI1_IRQHandler
                0x0000000008000318                DMA2_Channel3_IRQHandler
                0x0000000008000318                RTC_Alarm_IRQHandler
 *fill*         0x000000000800031a        0x2 
 .text.HAL_IncTick
                0x000000000800031c       0x1c /Users/user/WORK/stm32/stm32l476g-disco_hal_lib/Debug/libstm32l476g-disco_hal_lib.a(stm32l4xx_hal.o)
                0x000000000800031c                HAL_IncTick
 .text.HAL_GetTick
                0x0000000008000338       0x18 /Users/user/WORK/stm32/stm32l476g-disco_hal_lib/Debug/libstm32l476g-disco_hal_lib.a(stm32l4xx_hal.o)
                0x0000000008000338                HAL_GetTick
 .text.HAL_Delay
                0x0000000008000350       0x2c /Users/user/WORK/stm32/stm32l476g-disco_hal_lib/Debug/libstm32l476g-disco_hal_lib.a(stm32l4xx_hal.o)
                0x0000000008000350                HAL_Delay
 .text.HAL_SYSTICK_IRQHandler
                0x000000000800037c        0xc /Users/user/WORK/stm32/stm32l476g-disco_hal_lib/Debug/libstm32l476g-disco_hal_lib.a(stm32l4xx_hal_cortex.o)
                0x000000000800037c                HAL_SYSTICK_IRQHandler
 .text.HAL_SYSTICK_Callback
                0x0000000008000388       0x10 /Users/user/WORK/stm32/stm32l476g-disco_hal_lib/Debug/libstm32l476g-disco_hal_lib.a(stm32l4xx_hal_cortex.o)
                0x0000000008000388                HAL_SYSTICK_Callback
 .text.HAL_GPIO_Init
                0x0000000008000398      0x358 /Users/user/WORK/stm32/stm32l476g-disco_hal_lib/Debug/libstm32l476g-disco_hal_lib.a(stm32l4xx_hal_gpio.o)
                0x0000000008000398                HAL_GPIO_Init
 .text.HAL_GPIO_WritePin
                0x00000000080006f0       0x30 /Users/user/WORK/stm32/stm32l476g-disco_hal_lib/Debug/libstm32l476g-disco_hal_lib.a(stm32l4xx_hal_gpio.o)
                0x00000000080006f0                HAL_GPIO_WritePin
 .text.__libc_init_array
                0x0000000008000720       0x50 /Applications/Eclipse.app/Contents/Eclipse/plugins/fr.ac6.mcu.externaltools.arm-none.macos64_1.12.0.201611241417/tools/compiler/bin/../lib/gcc/arm-none-eabi/5.4.1/../../../../arm-none-eabi/lib/armv7e-m/fpu/libc.a(lib_a-init.o)
                0x0000000008000720                __libc_init_array
 .text.startup.register_fini
                0x0000000008000770       0x14 /Applications/Eclipse.app/Contents/Eclipse/plugins/fr.ac6.mcu.externaltools.arm-none.macos64_1.12.0.201611241417/tools/compiler/bin/../lib/gcc/arm-none-eabi/5.4.1/../../../../arm-none-eabi/lib/armv7e-m/fpu/libc.a(lib_a-__call_atexit.o)
 .text.atexit   0x0000000008000784        0xc /Applications/Eclipse.app/Contents/Eclipse/plugins/fr.ac6.mcu.externaltools.arm-none.macos64_1.12.0.201611241417/tools/compiler/bin/../lib/gcc/arm-none-eabi/5.4.1/../../../../arm-none-eabi/lib/armv7e-m/fpu/libc.a(lib_a-atexit.o)
                0x0000000008000784                atexit
 .text.__libc_fini_array
                0x0000000008000790       0x28 /Applications/Eclipse.app/Contents/Eclipse/plugins/fr.ac6.mcu.externaltools.arm-none.macos64_1.12.0.201611241417/tools/compiler/bin/../lib/gcc/arm-none-eabi/5.4.1/../../../../arm-none-eabi/lib/armv7e-m/fpu/libc.a(lib_a-fini.o)
                0x0000000008000790                __libc_fini_array
 .text.__register_exitproc
                0x00000000080007b8       0xa4 /Applications/Eclipse.app/Contents/Eclipse/plugins/fr.ac6.mcu.externaltools.arm-none.macos64_1.12.0.201611241417/tools/compiler/bin/../lib/gcc/arm-none-eabi/5.4.1/../../../../arm-none-eabi/lib/armv7e-m/fpu/libc.a(lib_a-__atexit.o)
                0x00000000080007b8                __register_exitproc
 *(.glue_7)
 .glue_7        0x000000000800085c        0x0 linker stubs
 *(.glue_7t)
 .glue_7t       0x000000000800085c        0x0 linker stubs
 *(.eh_frame)
 .eh_frame      0x000000000800085c        0x0 /Applications/Eclipse.app/Contents/Eclipse/plugins/fr.ac6.mcu.externaltools.arm-none.macos64_1.12.0.201611241417/tools/compiler/bin/../lib/gcc/arm-none-eabi/5.4.1/armv7e-m/fpu/crtbegin.o
 *(.init)
 .init          0x000000000800085c        0x4 /Applications/Eclipse.app/Contents/Eclipse/plugins/fr.ac6.mcu.externaltools.arm-none.macos64_1.12.0.201611241417/tools/compiler/bin/../lib/gcc/arm-none-eabi/5.4.1/armv7e-m/fpu/crti.o
                0x000000000800085c                _init
 .init          0x0000000008000860        0x8 /Applications/Eclipse.app/Contents/Eclipse/plugins/fr.ac6.mcu.externaltools.arm-none.macos64_1.12.0.201611241417/tools/compiler/bin/../lib/gcc/arm-none-eabi/5.4.1/armv7e-m/fpu/crtn.o
 *(.fini)
 .fini          0x0000000008000868        0x4 /Applications/Eclipse.app/Contents/Eclipse/plugins/fr.ac6.mcu.externaltools.arm-none.macos64_1.12.0.201611241417/tools/compiler/bin/../lib/gcc/arm-none-eabi/5.4.1/armv7e-m/fpu/crti.o
                0x0000000008000868                _fini
 .fini          0x000000000800086c        0x8 /Applications/Eclipse.app/Contents/Eclipse/plugins/fr.ac6.mcu.externaltools.arm-none.macos64_1.12.0.201611241417/tools/compiler/bin/../lib/gcc/arm-none-eabi/5.4.1/armv7e-m/fpu/crtn.o
                0x0000000008000878                . = ALIGN (0x8)
 *fill*         0x0000000008000874        0x4 
                0x0000000008000878                _etext = .

.vfp11_veneer   0x0000000008000878        0x0
 .vfp11_veneer  0x0000000008000878        0x0 linker stubs

.v4_bx          0x0000000008000878        0x0
 .v4_bx         0x0000000008000878        0x0 linker stubs

.iplt           0x0000000008000878        0x0
 .iplt          0x0000000008000878        0x0 /Applications/Eclipse.app/Contents/Eclipse/plugins/fr.ac6.mcu.externaltools.arm-none.macos64_1.12.0.201611241417/tools/compiler/bin/../lib/gcc/arm-none-eabi/5.4.1/armv7e-m/fpu/crtbegin.o

.rodata         0x0000000008000878        0x8
                0x0000000008000878                . = ALIGN (0x8)
 *(.rodata)
 *(.rodata*)
 .rodata.str1.4
                0x0000000008000878        0x4 /Applications/Eclipse.app/Contents/Eclipse/plugins/fr.ac6.mcu.externaltools.arm-none.macos64_1.12.0.201611241417/tools/compiler/bin/../lib/gcc/arm-none-eabi/5.4.1/../../../../arm-none-eabi/lib/armv7e-m/fpu/libc.a(lib_a-impure.o)
                                          0x2 (size before relaxing)
 .rodata._global_impure_ptr
                0x000000000800087c        0x4 /Applications/Eclipse.app/Contents/Eclipse/plugins/fr.ac6.mcu.externaltools.arm-none.macos64_1.12.0.201611241417/tools/compiler/bin/../lib/gcc/arm-none-eabi/5.4.1/../../../../arm-none-eabi/lib/armv7e-m/fpu/libc.a(lib_a-impure.o)
                0x000000000800087c                _global_impure_ptr
                0x0000000008000880                . = ALIGN (0x8)

.rel.dyn        0x0000000008000880        0x0
 .rel.iplt      0x0000000008000880        0x0 /Applications/Eclipse.app/Contents/Eclipse/plugins/fr.ac6.mcu.externaltools.arm-none.macos64_1.12.0.201611241417/tools/compiler/bin/../lib/gcc/arm-none-eabi/5.4.1/armv7e-m/fpu/crtbegin.o

.ARM.extab      0x0000000008000880        0x0
                0x0000000008000880                . = ALIGN (0x8)
 *(.ARM.extab* .gnu.linkonce.armextab.*)
                0x0000000008000880                . = ALIGN (0x8)

.ARM            0x0000000008000880        0x0
                0x0000000008000880                . = ALIGN (0x8)
                0x0000000008000880                __exidx_start = .
 *(.ARM.exidx*)
                0x0000000008000880                __exidx_end = .
                0x0000000008000880                . = ALIGN (0x8)

.preinit_array  0x0000000008000880        0x0
                0x0000000008000880                . = ALIGN (0x8)
                0x0000000008000880                PROVIDE (__preinit_array_start, .)
 *(.preinit_array*)
                0x0000000008000880                PROVIDE (__preinit_array_end, .)
                0x0000000008000880                . = ALIGN (0x8)

.init_array     0x0000000008000880        0x8
                0x0000000008000880                . = ALIGN (0x8)
                0x0000000008000880                PROVIDE (__init_array_start, .)
 *(SORT(.init_array.*))
 .init_array.00000
                0x0000000008000880        0x4 /Applications/Eclipse.app/Contents/Eclipse/plugins/fr.ac6.mcu.externaltools.arm-none.macos64_1.12.0.201611241417/tools/compiler/bin/../lib/gcc/arm-none-eabi/5.4.1/../../../../arm-none-eabi/lib/armv7e-m/fpu/libc.a(lib_a-__call_atexit.o)
 *(.init_array*)
 .init_array    0x0000000008000884        0x4 /Applications/Eclipse.app/Contents/Eclipse/plugins/fr.ac6.mcu.externaltools.arm-none.macos64_1.12.0.201611241417/tools/compiler/bin/../lib/gcc/arm-none-eabi/5.4.1/armv7e-m/fpu/crtbegin.o
                0x0000000008000888                PROVIDE (__init_array_end, .)
                0x0000000008000888                . = ALIGN (0x8)

.fini_array     0x0000000008000888        0x8
                0x0000000008000888                . = ALIGN (0x8)
                0x0000000008000888                PROVIDE (__fini_array_start, .)
 *(SORT(.fini_array.*))
 *(.fini_array*)
 .fini_array    0x0000000008000888        0x4 /Applications/Eclipse.app/Contents/Eclipse/plugins/fr.ac6.mcu.externaltools.arm-none.macos64_1.12.0.201611241417/tools/compiler/bin/../lib/gcc/arm-none-eabi/5.4.1/armv7e-m/fpu/crtbegin.o
                0x000000000800088c                PROVIDE (__fini_array_end, .)
                0x0000000008000890                . = ALIGN (0x8)
 *fill*         0x000000000800088c        0x4 
                0x0000000008000890                _sidata = LOADADDR (.data)

.data           0x0000000020000000      0x428 load address 0x0000000008000890
                0x0000000020000000                . = ALIGN (0x8)
                0x0000000020000000                _sdata = .
 *(.data)
 *(.data*)
 .data.impure_data
                0x0000000020000000      0x428 /Applications/Eclipse.app/Contents/Eclipse/plugins/fr.ac6.mcu.externaltools.arm-none.macos64_1.12.0.201611241417/tools/compiler/bin/../lib/gcc/arm-none-eabi/5.4.1/../../../../arm-none-eabi/lib/armv7e-m/fpu/libc.a(lib_a-impure.o)
                0x0000000020000428                . = ALIGN (0x8)
                0x0000000020000428                _edata = .

.jcr            0x0000000020000428        0x0 load address 0x0000000008000cb8
 .jcr           0x0000000020000428        0x0 /Applications/Eclipse.app/Contents/Eclipse/plugins/fr.ac6.mcu.externaltools.arm-none.macos64_1.12.0.201611241417/tools/compiler/bin/../lib/gcc/arm-none-eabi/5.4.1/armv7e-m/fpu/crtbegin.o

.igot.plt       0x0000000020000428        0x0 load address 0x0000000008000cb8
 .igot.plt      0x0000000020000428        0x0 /Applications/Eclipse.app/Contents/Eclipse/plugins/fr.ac6.mcu.externaltools.arm-none.macos64_1.12.0.201611241417/tools/compiler/bin/../lib/gcc/arm-none-eabi/5.4.1/armv7e-m/fpu/crtbegin.o
                0x0000000020000428                . = ALIGN (0x4)

.bss            0x0000000020000428       0x20 load address 0x0000000008000cb8
                0x0000000020000428                _sbss = .
                0x0000000020000428                __bss_start__ = _sbss
 *(.bss)
 .bss           0x0000000020000428       0x1c /Applications/Eclipse.app/Contents/Eclipse/plugins/fr.ac6.mcu.externaltools.arm-none.macos64_1.12.0.201611241417/tools/compiler/bin/../lib/gcc/arm-none-eabi/5.4.1/armv7e-m/fpu/crtbegin.o
 *(.bss*)
 *(COMMON)
 COMMON         0x0000000020000444        0x4 /Users/user/WORK/stm32/stm32l476g-disco_hal_lib/Debug/libstm32l476g-disco_hal_lib.a(stm32l4xx_hal.o)
                0x0000000020000444                uwTick
                0x0000000020000448                . = ALIGN (0x4)
                0x0000000020000448                _ebss = .
                0x0000000020000448                __bss_end__ = _ebss

._user_heap_stack
                0x0000000020000448      0x600 load address 0x0000000008000cb8
                0x0000000020000448                . = ALIGN (0x8)
                0x0000000020000448                PROVIDE (end, .)
                [!provide]                        PROVIDE (_end, .)
                0x0000000020000648                . = (. + _Min_Heap_Size)
 *fill*         0x0000000020000448      0x200 
                0x0000000020000a48                . = (. + _Min_Stack_Size)
 *fill*         0x0000000020000648      0x400 
                0x0000000020000a48                . = ALIGN (0x8)

/DISCARD/
 libc.a(*)
 libm.a(*)
 libgcc.a(*)

.ARM.attributes
                0x0000000000000000       0x30
 *(.ARM.attributes)
 .ARM.attributes
                0x0000000000000000       0x22 /Applications/Eclipse.app/Contents/Eclipse/plugins/fr.ac6.mcu.externaltools.arm-none.macos64_1.12.0.201611241417/tools/compiler/bin/../lib/gcc/arm-none-eabi/5.4.1/armv7e-m/fpu/crti.o
 .ARM.attributes
                0x0000000000000022       0x34 /Applications/Eclipse.app/Contents/Eclipse/plugins/fr.ac6.mcu.externaltools.arm-none.macos64_1.12.0.201611241417/tools/compiler/bin/../lib/gcc/arm-none-eabi/5.4.1/armv7e-m/fpu/crtbegin.o
 .ARM.attributes
                0x0000000000000056       0x39 src/main.o
 .ARM.attributes
                0x000000000000008f       0x39 src/stm32l4xx_it.o
 .ARM.attributes
                0x00000000000000c8       0x39 src/system_stm32l4xx.o
 .ARM.attributes
                0x0000000000000101       0x21 startup/startup_stm32l476xx.o
 .ARM.attributes
                0x0000000000000122       0x39 /Users/user/WORK/stm32/stm32l476g-disco_hal_lib/Debug/libstm32l476g-disco_hal_lib.a(stm32l4xx_hal.o)
 .ARM.attributes
                0x000000000000015b       0x39 /Users/user/WORK/stm32/stm32l476g-disco_hal_lib/Debug/libstm32l476g-disco_hal_lib.a(stm32l4xx_hal_cortex.o)
 .ARM.attributes
                0x0000000000000194       0x39 /Users/user/WORK/stm32/stm32l476g-disco_hal_lib/Debug/libstm32l476g-disco_hal_lib.a(stm32l4xx_hal_gpio.o)
 .ARM.attributes
                0x00000000000001cd       0x34 /Applications/Eclipse.app/Contents/Eclipse/plugins/fr.ac6.mcu.externaltools.arm-none.macos64_1.12.0.201611241417/tools/compiler/bin/../lib/gcc/arm-none-eabi/5.4.1/../../../../arm-none-eabi/lib/armv7e-m/fpu/libc.a(lib_a-impure.o)
 .ARM.attributes
                0x0000000000000201       0x34 /Applications/Eclipse.app/Contents/Eclipse/plugins/fr.ac6.mcu.externaltools.arm-none.macos64_1.12.0.201611241417/tools/compiler/bin/../lib/gcc/arm-none-eabi/5.4.1/../../../../arm-none-eabi/lib/armv7e-m/fpu/libc.a(lib_a-init.o)
 .ARM.attributes
                0x0000000000000235       0x34 /Applications/Eclipse.app/Contents/Eclipse/plugins/fr.ac6.mcu.externaltools.arm-none.macos64_1.12.0.201611241417/tools/compiler/bin/../lib/gcc/arm-none-eabi/5.4.1/../../../../arm-none-eabi/lib/armv7e-m/fpu/libc.a(lib_a-__call_atexit.o)
 .ARM.attributes
                0x0000000000000269       0x34 /Applications/Eclipse.app/Contents/Eclipse/plugins/fr.ac6.mcu.externaltools.arm-none.macos64_1.12.0.201611241417/tools/compiler/bin/../lib/gcc/arm-none-eabi/5.4.1/../../../../arm-none-eabi/lib/armv7e-m/fpu/libc.a(lib_a-atexit.o)
 .ARM.attributes
                0x000000000000029d       0x34 /Applications/Eclipse.app/Contents/Eclipse/plugins/fr.ac6.mcu.externaltools.arm-none.macos64_1.12.0.201611241417/tools/compiler/bin/../lib/gcc/arm-none-eabi/5.4.1/../../../../arm-none-eabi/lib/armv7e-m/fpu/libc.a(lib_a-fini.o)
 .ARM.attributes
                0x00000000000002d1       0x34 /Applications/Eclipse.app/Contents/Eclipse/plugins/fr.ac6.mcu.externaltools.arm-none.macos64_1.12.0.201611241417/tools/compiler/bin/../lib/gcc/arm-none-eabi/5.4.1/../../../../arm-none-eabi/lib/armv7e-m/fpu/libc.a(lib_a-__atexit.o)
 .ARM.attributes
                0x0000000000000305       0x22 /Applications/Eclipse.app/Contents/Eclipse/plugins/fr.ac6.mcu.externaltools.arm-none.macos64_1.12.0.201611241417/tools/compiler/bin/../lib/gcc/arm-none-eabi/5.4.1/armv7e-m/fpu/crtn.o
OUTPUT(example.elf elf32-littlearm)

.debug_info     0x0000000000000000     0x29ae
 .debug_info    0x0000000000000000      0x443 src/main.o
 .debug_info    0x0000000000000443       0xbd src/stm32l4xx_it.o
 .debug_info    0x0000000000000500      0x5ac src/system_stm32l4xx.o
 .debug_info    0x0000000000000aac       0x6a startup/startup_stm32l476xx.o
 .debug_info    0x0000000000000b16      0x98f /Users/user/WORK/stm32/stm32l476g-disco_hal_lib/Debug/libstm32l476g-disco_hal_lib.a(stm32l4xx_hal.o)
 .debug_info    0x00000000000014a5      0xd28 /Users/user/WORK/stm32/stm32l476g-disco_hal_lib/Debug/libstm32l476g-disco_hal_lib.a(stm32l4xx_hal_cortex.o)
 .debug_info    0x00000000000021cd      0x7e1 /Users/user/WORK/stm32/stm32l476g-disco_hal_lib/Debug/libstm32l476g-disco_hal_lib.a(stm32l4xx_hal_gpio.o)

.debug_abbrev   0x0000000000000000      0x8d4
 .debug_abbrev  0x0000000000000000      0x113 src/main.o
 .debug_abbrev  0x0000000000000113       0x6a src/stm32l4xx_it.o
 .debug_abbrev  0x000000000000017d      0x125 src/system_stm32l4xx.o
 .debug_abbrev  0x00000000000002a2       0x12 startup/startup_stm32l476xx.o
 .debug_abbrev  0x00000000000002b4      0x1c1 /Users/user/WORK/stm32/stm32l476g-disco_hal_lib/Debug/libstm32l476g-disco_hal_lib.a(stm32l4xx_hal.o)
 .debug_abbrev  0x0000000000000475      0x2b0 /Users/user/WORK/stm32/stm32l476g-disco_hal_lib/Debug/libstm32l476g-disco_hal_lib.a(stm32l4xx_hal_cortex.o)
 .debug_abbrev  0x0000000000000725      0x1af /Users/user/WORK/stm32/stm32l476g-disco_hal_lib/Debug/libstm32l476g-disco_hal_lib.a(stm32l4xx_hal_gpio.o)

.debug_aranges  0x0000000000000000      0x2f0
 .debug_aranges
                0x0000000000000000       0x20 src/main.o
 .debug_aranges
                0x0000000000000020       0x20 src/stm32l4xx_it.o
 .debug_aranges
                0x0000000000000040       0x28 src/system_stm32l4xx.o
 .debug_aranges
                0x0000000000000068       0x28 startup/startup_stm32l476xx.o
 .debug_aranges
                0x0000000000000090      0x100 /Users/user/WORK/stm32/stm32l476g-disco_hal_lib/Debug/libstm32l476g-disco_hal_lib.a(stm32l4xx_hal.o)
 .debug_aranges
                0x0000000000000190      0x108 /Users/user/WORK/stm32/stm32l476g-disco_hal_lib/Debug/libstm32l476g-disco_hal_lib.a(stm32l4xx_hal_cortex.o)
 .debug_aranges
                0x0000000000000298       0x58 /Users/user/WORK/stm32/stm32l476g-disco_hal_lib/Debug/libstm32l476g-disco_hal_lib.a(stm32l4xx_hal_gpio.o)

.debug_ranges   0x0000000000000000      0x288
 .debug_ranges  0x0000000000000000       0x10 src/main.o
 .debug_ranges  0x0000000000000010       0x10 src/stm32l4xx_it.o
 .debug_ranges  0x0000000000000020       0x18 src/system_stm32l4xx.o
 .debug_ranges  0x0000000000000038       0x20 startup/startup_stm32l476xx.o
 .debug_ranges  0x0000000000000058       0xf0 /Users/user/WORK/stm32/stm32l476g-disco_hal_lib/Debug/libstm32l476g-disco_hal_lib.a(stm32l4xx_hal.o)
 .debug_ranges  0x0000000000000148       0xf8 /Users/user/WORK/stm32/stm32l476g-disco_hal_lib/Debug/libstm32l476g-disco_hal_lib.a(stm32l4xx_hal_cortex.o)
 .debug_ranges  0x0000000000000240       0x48 /Users/user/WORK/stm32/stm32l476g-disco_hal_lib/Debug/libstm32l476g-disco_hal_lib.a(stm32l4xx_hal_gpio.o)

.debug_macro    0x0000000000000000    0x2bd97
 .debug_macro   0x0000000000000000      0x4ce src/main.o
 .debug_macro   0x00000000000004ce      0x8aa src/main.o
 .debug_macro   0x0000000000000d78       0x28 src/main.o
 .debug_macro   0x0000000000000da0       0x28 src/main.o
 .debug_macro   0x0000000000000dc8       0x22 src/main.o
 .debug_macro   0x0000000000000dea       0x87 src/main.o
 .debug_macro   0x0000000000000e71       0x44 src/main.o
 .debug_macro   0x0000000000000eb5       0xfd src/main.o
 .debug_macro   0x0000000000000fb2       0x5e src/main.o
 .debug_macro   0x0000000000001010      0x1df src/main.o
 .debug_macro   0x00000000000011ef       0x35 src/main.o
 .debug_macro   0x0000000000001224       0x50 src/main.o
 .debug_macro   0x0000000000001274      0xe66 src/main.o
 .debug_macro   0x00000000000020da    0x1a13b src/main.o
 .debug_macro   0x000000000001c215       0x43 src/main.o
 .debug_macro   0x000000000001c258      0x166 src/main.o
 .debug_macro   0x000000000001c3be     0x359e src/main.o
 .debug_macro   0x000000000001f95c       0x52 src/main.o
 .debug_macro   0x000000000001f9ae       0x35 src/main.o
 .debug_macro   0x000000000001f9e3       0x9c src/main.o
 .debug_macro   0x000000000001fa7f       0x16 src/main.o
 .debug_macro   0x000000000001fa95       0x97 src/main.o
 .debug_macro   0x000000000001fb2c      0x30d src/main.o
 .debug_macro   0x000000000001fe39       0xfd src/main.o
 .debug_macro   0x000000000001ff36       0x10 src/main.o
 .debug_macro   0x000000000001ff46       0x52 src/main.o
 .debug_macro   0x000000000001ff98       0x1f src/main.o
 .debug_macro   0x000000000001ffb7       0x43 src/main.o
 .debug_macro   0x000000000001fffa       0x20 src/main.o
 .debug_macro   0x000000000002001a      0x187 src/main.o
 .debug_macro   0x00000000000201a1       0x10 src/main.o
 .debug_macro   0x00000000000201b1       0x1c src/main.o
 .debug_macro   0x00000000000201cd       0x52 src/main.o
 .debug_macro   0x000000000002021f       0x40 src/main.o
 .debug_macro   0x000000000002025f       0x10 src/main.o
 .debug_macro   0x000000000002026f       0x40 src/main.o
 .debug_macro   0x00000000000202af       0xd7 src/main.o
 .debug_macro   0x0000000000020386       0x16 src/main.o
 .debug_macro   0x000000000002039c      0x189 src/main.o
 .debug_macro   0x0000000000020525       0x57 src/main.o
 .debug_macro   0x000000000002057c     0x1566 src/main.o
 .debug_macro   0x0000000000021ae2      0x59e src/main.o
 .debug_macro   0x0000000000022080      0x148 src/main.o
 .debug_macro   0x00000000000221c8      0x18b src/main.o
 .debug_macro   0x0000000000022353      0x25d src/main.o
 .debug_macro   0x00000000000225b0      0x29c src/main.o
 .debug_macro   0x000000000002284c      0x23a src/main.o
 .debug_macro   0x0000000000022a86      0x401 src/main.o
 .debug_macro   0x0000000000022e87      0x5c1 src/main.o
 .debug_macro   0x0000000000023448      0x360 src/main.o
 .debug_macro   0x00000000000237a8      0x263 src/main.o
 .debug_macro   0x0000000000023a0b       0xd5 src/main.o
 .debug_macro   0x0000000000023ae0       0x4d src/main.o
 .debug_macro   0x0000000000023b2d      0x153 src/main.o
 .debug_macro   0x0000000000023c80       0xd9 src/main.o
 .debug_macro   0x0000000000023d59       0xad src/main.o
 .debug_macro   0x0000000000023e06      0x367 src/main.o
 .debug_macro   0x000000000002416d       0x10 src/main.o
 .debug_macro   0x000000000002417d       0xe4 src/main.o
 .debug_macro   0x0000000000024261      0x305 src/main.o
 .debug_macro   0x0000000000024566       0x71 src/main.o
 .debug_macro   0x00000000000245d7       0xb3 src/main.o
 .debug_macro   0x000000000002468a      0x202 src/main.o
 .debug_macro   0x000000000002488c       0x61 src/main.o
 .debug_macro   0x00000000000248ed       0x90 src/main.o
 .debug_macro   0x000000000002497d       0x87 src/main.o
 .debug_macro   0x0000000000024a04      0x3e5 src/main.o
 .debug_macro   0x0000000000024de9      0x272 src/main.o
 .debug_macro   0x000000000002505b       0xff src/main.o
 .debug_macro   0x000000000002515a      0x126 src/main.o
 .debug_macro   0x0000000000025280      0x3dc src/main.o
 .debug_macro   0x000000000002565c      0x2a3 src/main.o
 .debug_macro   0x00000000000258ff       0x6d src/main.o
 .debug_macro   0x000000000002596c      0x321 src/main.o
 .debug_macro   0x0000000000025c8d      0x4ce src/main.o
 .debug_macro   0x000000000002615b       0xdd src/main.o
 .debug_macro   0x0000000000026238      0x447 src/main.o
 .debug_macro   0x000000000002667f      0x398 src/main.o
 .debug_macro   0x0000000000026a17      0x22b src/main.o
 .debug_macro   0x0000000000026c42      0x34f src/main.o
 .debug_macro   0x0000000000026f91      0x2e2 src/main.o
 .debug_macro   0x0000000000027273      0x14c src/main.o
 .debug_macro   0x00000000000273bf      0x9c6 src/main.o
 .debug_macro   0x0000000000027d85      0x1df src/main.o
 .debug_macro   0x0000000000027f64      0x46a src/main.o
 .debug_macro   0x00000000000283ce      0x535 src/main.o
 .debug_macro   0x0000000000028903       0x44 src/main.o
 .debug_macro   0x0000000000028947      0x241 src/main.o
 .debug_macro   0x0000000000028b88       0x31 src/main.o
 .debug_macro   0x0000000000028bb9      0x256 src/main.o
 .debug_macro   0x0000000000028e0f       0x10 src/main.o
 .debug_macro   0x0000000000028e1f      0x248 src/main.o
 .debug_macro   0x0000000000029067      0x12f src/main.o
 .debug_macro   0x0000000000029196       0x89 src/main.o
 .debug_macro   0x000000000002921f      0x1d1 src/main.o
 .debug_macro   0x00000000000293f0       0xa5 src/main.o
 .debug_macro   0x0000000000029495       0x68 src/main.o
 .debug_macro   0x00000000000294fd      0x31d src/main.o
 .debug_macro   0x000000000002981a      0x462 src/main.o
 .debug_macro   0x0000000000029c7c      0x4cf src/stm32l4xx_it.o
 .debug_macro   0x000000000002a14b      0x4cc src/system_stm32l4xx.o
 .debug_macro   0x000000000002a617      0x513 /Users/user/WORK/stm32/stm32l476g-disco_hal_lib/Debug/libstm32l476g-disco_hal_lib.a(stm32l4xx_hal.o)
 .debug_macro   0x000000000002ab2a      0x8a4 /Users/user/WORK/stm32/stm32l476g-disco_hal_lib/Debug/libstm32l476g-disco_hal_lib.a(stm32l4xx_hal.o)
 .debug_macro   0x000000000002b3ce      0x4c5 /Users/user/WORK/stm32/stm32l476g-disco_hal_lib/Debug/libstm32l476g-disco_hal_lib.a(stm32l4xx_hal_cortex.o)
 .debug_macro   0x000000000002b893      0x504 /Users/user/WORK/stm32/stm32l476g-disco_hal_lib/Debug/libstm32l476g-disco_hal_lib.a(stm32l4xx_hal_gpio.o)

.debug_line     0x0000000000000000     0x4f4d
 .debug_line    0x0000000000000000      0xc58 src/main.o
 .debug_line    0x0000000000000c58      0xc10 src/stm32l4xx_it.o
 .debug_line    0x0000000000001868      0xc16 src/system_stm32l4xx.o
 .debug_line    0x000000000000247e       0x7f startup/startup_stm32l476xx.o
 .debug_line    0x00000000000024fd      0xe01 /Users/user/WORK/stm32/stm32l476g-disco_hal_lib/Debug/libstm32l476g-disco_hal_lib.a(stm32l4xx_hal.o)
 .debug_line    0x00000000000032fe      0xeb4 /Users/user/WORK/stm32/stm32l476g-disco_hal_lib/Debug/libstm32l476g-disco_hal_lib.a(stm32l4xx_hal_cortex.o)
 .debug_line    0x00000000000041b2      0xd9b /Users/user/WORK/stm32/stm32l476g-disco_hal_lib/Debug/libstm32l476g-disco_hal_lib.a(stm32l4xx_hal_gpio.o)

.debug_str      0x0000000000000000   0x1200bb
 .debug_str     0x0000000000000000   0x11efc0 src/main.o
                                     0x11f282 (size before relaxing)
 .debug_str     0x000000000011efc0       0x38 src/stm32l4xx_it.o
                                     0x11d1b2 (size before relaxing)
 .debug_str     0x000000000011eff8      0x10c src/system_stm32l4xx.o
                                     0x11d3f1 (size before relaxing)
 .debug_str     0x000000000011f104      0x9c5 /Users/user/WORK/stm32/stm32l476g-disco_hal_lib/Debug/libstm32l476g-disco_hal_lib.a(stm32l4xx_hal.o)
                                     0x11de76 (size before relaxing)
 .debug_str     0x000000000011fac9      0x378 /Users/user/WORK/stm32/stm32l476g-disco_hal_lib/Debug/libstm32l476g-disco_hal_lib.a(stm32l4xx_hal_cortex.o)
                                     0x11dbbf (size before relaxing)
 .debug_str     0x000000000011fe41      0x27a /Users/user/WORK/stm32/stm32l476g-disco_hal_lib/Debug/libstm32l476g-disco_hal_lib.a(stm32l4xx_hal_gpio.o)
                                     0x11d677 (size before relaxing)

.comment        0x0000000000000000       0x6e
 .comment       0x0000000000000000       0x6e src/main.o
                                         0x6f (size before relaxing)
 .comment       0x000000000000006e       0x6f src/stm32l4xx_it.o
 .comment       0x000000000000006e       0x6f src/system_stm32l4xx.o
 .comment       0x000000000000006e       0x6f /Users/user/WORK/stm32/stm32l476g-disco_hal_lib/Debug/libstm32l476g-disco_hal_lib.a(stm32l4xx_hal.o)
 .comment       0x000000000000006e       0x6f /Users/user/WORK/stm32/stm32l476g-disco_hal_lib/Debug/libstm32l476g-disco_hal_lib.a(stm32l4xx_hal_cortex.o)
 .comment       0x000000000000006e       0x6f /Users/user/WORK/stm32/stm32l476g-disco_hal_lib/Debug/libstm32l476g-disco_hal_lib.a(stm32l4xx_hal_gpio.o)

.debug_frame    0x0000000000000000      0xb20
 .debug_frame   0x0000000000000000       0x30 src/main.o
 .debug_frame   0x0000000000000030       0x2c src/stm32l4xx_it.o
 .debug_frame   0x000000000000005c       0x58 src/system_stm32l4xx.o
 .debug_frame   0x00000000000000b4      0x3cc /Users/user/WORK/stm32/stm32l476g-disco_hal_lib/Debug/libstm32l476g-disco_hal_lib.a(stm32l4xx_hal.o)
 .debug_frame   0x0000000000000480      0x450 /Users/user/WORK/stm32/stm32l476g-disco_hal_lib/Debug/libstm32l476g-disco_hal_lib.a(stm32l4xx_hal_cortex.o)
 .debug_frame   0x00000000000008d0      0x14c /Users/user/WORK/stm32/stm32l476g-disco_hal_lib/Debug/libstm32l476g-disco_hal_lib.a(stm32l4xx_hal_gpio.o)
 .debug_frame   0x0000000000000a1c       0x2c /Applications/Eclipse.app/Contents/Eclipse/plugins/fr.ac6.mcu.externaltools.arm-none.macos64_1.12.0.201611241417/tools/compiler/bin/../lib/gcc/arm-none-eabi/5.4.1/../../../../arm-none-eabi/lib/armv7e-m/fpu/libc.a(lib_a-init.o)
 .debug_frame   0x0000000000000a48       0x50 /Applications/Eclipse.app/Contents/Eclipse/plugins/fr.ac6.mcu.externaltools.arm-none.macos64_1.12.0.201611241417/tools/compiler/bin/../lib/gcc/arm-none-eabi/5.4.1/../../../../arm-none-eabi/lib/armv7e-m/fpu/libc.a(lib_a-__call_atexit.o)
 .debug_frame   0x0000000000000a98       0x20 /Applications/Eclipse.app/Contents/Eclipse/plugins/fr.ac6.mcu.externaltools.arm-none.macos64_1.12.0.201611241417/tools/compiler/bin/../lib/gcc/arm-none-eabi/5.4.1/../../../../arm-none-eabi/lib/armv7e-m/fpu/libc.a(lib_a-atexit.o)
 .debug_frame   0x0000000000000ab8       0x34 /Applications/Eclipse.app/Contents/Eclipse/plugins/fr.ac6.mcu.externaltools.arm-none.macos64_1.12.0.201611241417/tools/compiler/bin/../lib/gcc/arm-none-eabi/5.4.1/../../../../arm-none-eabi/lib/armv7e-m/fpu/libc.a(lib_a-fini.o)
 .debug_frame   0x0000000000000aec       0x34 /Applications/Eclipse.app/Contents/Eclipse/plugins/fr.ac6.mcu.externaltools.arm-none.macos64_1.12.0.201611241417/tools/compiler/bin/../lib/gcc/arm-none-eabi/5.4.1/../../../../arm-none-eabi/lib/armv7e-m/fpu/libc.a(lib_a-__atexit.o)
