Archive member included to satisfy reference by file (symbol)

D:\work\projects\eclipse_projects\stm32l476g-disco_hal_lib\Debug\libstm32l476g-disco_hal_lib.a(stm32l4xx_hal.o)
                              src/stm32l4xx_it.o (HAL_IncTick)
D:\work\projects\eclipse_projects\stm32l476g-disco_hal_lib\Debug\libstm32l476g-disco_hal_lib.a(stm32l4xx_hal_cortex.o)
                              D:\work\projects\eclipse_projects\stm32l476g-disco_hal_lib\Debug\libstm32l476g-disco_hal_lib.a(stm32l4xx_hal.o) (HAL_NVIC_SetPriorityGrouping)
D:\work\projects\eclipse_projects\stm32l476g-disco_hal_lib\Debug\libstm32l476g-disco_hal_lib.a(stm32l4xx_hal_rcc.o)
                              src/main.o (HAL_RCC_GetHCLKFreq)
D:\work\projects\eclipse_projects\stm32l476g-disco_hal_lib\Debug\libstm32l476g-disco_hal_lib.a(stm32l476g_discovery.o)
                              src/main.o (BSP_LED_Init)
D:\work\projects\eclipse_projects\stm32l476g-disco_hal_lib\Debug\libstm32l476g-disco_hal_lib.a(stm32l4xx_hal_gpio.o)
                              D:\work\projects\eclipse_projects\stm32l476g-disco_hal_lib\Debug\libstm32l476g-disco_hal_lib.a(stm32l4xx_hal_rcc.o) (HAL_GPIO_Init)
D:\work\projects\eclipse_projects\stm32l476g-disco_hal_lib\Debug\libstm32l476g-disco_hal_lib.a(stm32l4xx_hal_i2c.o)
                              D:\work\projects\eclipse_projects\stm32l476g-disco_hal_lib\Debug\libstm32l476g-disco_hal_lib.a(stm32l476g_discovery.o) (HAL_I2C_Init)
D:\work\projects\eclipse_projects\stm32l476g-disco_hal_lib\Debug\libstm32l476g-disco_hal_lib.a(stm32l4xx_hal_pwr_ex.o)
                              D:\work\projects\eclipse_projects\stm32l476g-disco_hal_lib\Debug\libstm32l476g-disco_hal_lib.a(stm32l4xx_hal_rcc.o) (HAL_PWREx_GetVoltageRange)
D:\work\projects\eclipse_projects\stm32l476g-disco_hal_lib\Debug\libstm32l476g-disco_hal_lib.a(stm32l4xx_hal_rcc_ex.o)
                              D:\work\projects\eclipse_projects\stm32l476g-disco_hal_lib\Debug\libstm32l476g-disco_hal_lib.a(stm32l476g_discovery.o) (HAL_RCCEx_PeriphCLKConfig)
D:\work\projects\eclipse_projects\stm32l476g-disco_hal_lib\Debug\libstm32l476g-disco_hal_lib.a(stm32l4xx_hal_spi.o)
                              D:\work\projects\eclipse_projects\stm32l476g-disco_hal_lib\Debug\libstm32l476g-disco_hal_lib.a(stm32l476g_discovery.o) (HAL_SPI_Init)
D:\work\projects\eclipse_projects\stm32l476g-disco_hal_lib\Debug\libstm32l476g-disco_hal_lib.a(stm32l4xx_hal_dma.o)
                              D:\work\projects\eclipse_projects\stm32l476g-disco_hal_lib\Debug\libstm32l476g-disco_hal_lib.a(stm32l4xx_hal_i2c.o) (HAL_DMA_Start_IT)
D:\work\projects\eclipse_projects\stm32l476g-disco_hal_lib\Debug\libstm32l476g-disco_hal_lib.a(stm32l4xx_hal_pwr.o)
                              D:\work\projects\eclipse_projects\stm32l476g-disco_hal_lib\Debug\libstm32l476g-disco_hal_lib.a(stm32l4xx_hal_rcc_ex.o) (HAL_PWR_EnableBkUpAccess)
c:/program files/eclipse/plugins/fr.ac6.mcu.externaltools.arm-none.win32_1.12.0.201611241417/tools/compiler/bin/../lib/gcc/arm-none-eabi/5.4.1/../../../../arm-none-eabi/lib/armv7e-m/fpu\libc.a(lib_a-errno.o)
                              src/syscalls.o (__errno)
c:/program files/eclipse/plugins/fr.ac6.mcu.externaltools.arm-none.win32_1.12.0.201611241417/tools/compiler/bin/../lib/gcc/arm-none-eabi/5.4.1/../../../../arm-none-eabi/lib/armv7e-m/fpu\libc.a(lib_a-exit.o)
                              c:/program files/eclipse/plugins/fr.ac6.mcu.externaltools.arm-none.win32_1.12.0.201611241417/tools/compiler/bin/../lib/gcc/arm-none-eabi/5.4.1/../../../../arm-none-eabi/lib/armv7e-m/fpu/crt0.o (exit)
c:/program files/eclipse/plugins/fr.ac6.mcu.externaltools.arm-none.win32_1.12.0.201611241417/tools/compiler/bin/../lib/gcc/arm-none-eabi/5.4.1/../../../../arm-none-eabi/lib/armv7e-m/fpu\libc.a(lib_a-impure.o)
                              c:/program files/eclipse/plugins/fr.ac6.mcu.externaltools.arm-none.win32_1.12.0.201611241417/tools/compiler/bin/../lib/gcc/arm-none-eabi/5.4.1/../../../../arm-none-eabi/lib/armv7e-m/fpu\libc.a(lib_a-exit.o) (_global_impure_ptr)
c:/program files/eclipse/plugins/fr.ac6.mcu.externaltools.arm-none.win32_1.12.0.201611241417/tools/compiler/bin/../lib/gcc/arm-none-eabi/5.4.1/../../../../arm-none-eabi/lib/armv7e-m/fpu\libc.a(lib_a-init.o)
                              c:/program files/eclipse/plugins/fr.ac6.mcu.externaltools.arm-none.win32_1.12.0.201611241417/tools/compiler/bin/../lib/gcc/arm-none-eabi/5.4.1/../../../../arm-none-eabi/lib/armv7e-m/fpu/crt0.o (__libc_init_array)
c:/program files/eclipse/plugins/fr.ac6.mcu.externaltools.arm-none.win32_1.12.0.201611241417/tools/compiler/bin/../lib/gcc/arm-none-eabi/5.4.1/../../../../arm-none-eabi/lib/armv7e-m/fpu\libc.a(lib_a-memset.o)
                              c:/program files/eclipse/plugins/fr.ac6.mcu.externaltools.arm-none.win32_1.12.0.201611241417/tools/compiler/bin/../lib/gcc/arm-none-eabi/5.4.1/../../../../arm-none-eabi/lib/armv7e-m/fpu/crt0.o (memset)
[...]
Memory Configuration

Name             Origin             Length             Attributes
FLASH            0x08000000         0x00100000         xr
RAM              0x20000000         0x00018000         xrw
*default*        0x00000000         0xffffffff

Linker script and memory map

LOAD c:/program files/eclipse/plugins/fr.ac6.mcu.externaltools.arm-none.win32_1.12.0.201611241417/tools/compiler/bin/../lib/gcc/arm-none-eabi/5.4.1/armv7e-m/fpu/crti.o
LOAD c:/program files/eclipse/plugins/fr.ac6.mcu.externaltools.arm-none.win32_1.12.0.201611241417/tools/compiler/bin/../lib/gcc/arm-none-eabi/5.4.1/armv7e-m/fpu/crtbegin.o
LOAD c:/program files/eclipse/plugins/fr.ac6.mcu.externaltools.arm-none.win32_1.12.0.201611241417/tools/compiler/bin/../lib/gcc/arm-none-eabi/5.4.1/../../../../arm-none-eabi/lib/armv7e-m/fpu/crt0.o
LOAD c:/program files/eclipse/plugins/fr.ac6.mcu.externaltools.arm-none.win32_1.12.0.201611241417/tools/compiler/bin/../lib/gcc/arm-none-eabi/5.4.1/../../../../arm-none-eabi/lib/armv7e-m/fpu\libm.a
LOAD src/main.o
LOAD src/stm32l4xx_it.o
LOAD src/syscalls.o
LOAD src/system_stm32l4xx.o
LOAD startup/startup_stm32l476xx.o
LOAD D:\work\projects\eclipse_projects\stm32l476g-disco_hal_lib\Debug\libstm32l476g-disco_hal_lib.a
START GROUP
LOAD c:/program files/eclipse/plugins/fr.ac6.mcu.externaltools.arm-none.win32_1.12.0.201611241417/tools/compiler/bin/../lib/gcc/arm-none-eabi/5.4.1/armv7e-m/fpu\libgcc.a
LOAD c:/program files/eclipse/plugins/fr.ac6.mcu.externaltools.arm-none.win32_1.12.0.201611241417/tools/compiler/bin/../lib/gcc/arm-none-eabi/5.4.1/../../../../arm-none-eabi/lib/armv7e-m/fpu\libc.a
END GROUP
LOAD c:/program files/eclipse/plugins/fr.ac6.mcu.externaltools.arm-none.win32_1.12.0.201611241417/tools/compiler/bin/../lib/gcc/arm-none-eabi/5.4.1/armv7e-m/fpu/crtend.o
LOAD c:/program files/eclipse/plugins/fr.ac6.mcu.externaltools.arm-none.win32_1.12.0.201611241417/tools/compiler/bin/../lib/gcc/arm-none-eabi/5.4.1/armv7e-m/fpu/crtn.o
                0x20018000                _estack = 0x20018000
                0x00000200                _Min_Heap_Size = 0x200
                0x00000400                _Min_Stack_Size = 0x400

.isr_vector     0x08000000      0x188
                0x08000000                . = ALIGN (0x8)
 *(.isr_vector)
 .isr_vector    0x08000000      0x188 startup/startup_stm32l476xx.o
                0x08000000                g_pfnVectors
                0x08000188                . = ALIGN (0x8)

.text           0x08000188      0xb40
                0x08000188                . = ALIGN (0x8)
 *(.text)
 .text          0x08000188       0x5c c:/program files/eclipse/plugins/fr.ac6.mcu.externaltools.arm-none.win32_1.12.0.201611241417/tools/compiler/bin/../lib/gcc/arm-none-eabi/5.4.1/armv7e-m/fpu/crtbegin.o
 *(.text*)
 .text.NVIC_SetPriority
                0x080001e4       0x54 src/main.o
 .text.SysTick_Config
                0x08000238       0x44 src/main.o
 .text.startup_init
                0x0800027c       0x34 src/main.o
                0x0800027c                startup_init
 .text.main     0x080002b0       0x20 src/main.o
                0x080002b0                main
 .text.SysTick_Handler
                0x080002d0       0x10 src/stm32l4xx_it.o
                0x080002d0                SysTick_Handler
 .text.SystemInit
                0x080002e0       0x6c src/system_stm32l4xx.o
                0x080002e0                SystemInit
 .text.Reset_Handler
                0x0800034c       0x50 startup/startup_stm32l476xx.o
                0x0800034c                Reset_Handler
 .text.Default_Handler
                0x0800039c        0x2 startup/startup_stm32l476xx.o
                0x0800039c                RTC_Alarm_IRQHandler
                0x0800039c                EXTI2_IRQHandler
                0x0800039c                TIM8_TRG_COM_IRQHandler
                0x0800039c                TIM8_CC_IRQHandler
                0x0800039c                DebugMon_Handler
                0x0800039c                TIM1_CC_IRQHandler
                0x0800039c                TSC_IRQHandler
                0x0800039c                HardFault_Handler
                0x0800039c                TAMP_STAMP_IRQHandler
                0x0800039c                PendSV_Handler
                0x0800039c                NMI_Handler
                0x0800039c                EXTI3_IRQHandler
                0x0800039c                LPTIM2_IRQHandler
                0x0800039c                DFSDM1_FLT1_IRQHandler
                0x0800039c                I2C3_ER_IRQHandler
                0x0800039c                DFSDM1_FLT2_IRQHandler
                0x0800039c                EXTI0_IRQHandler
                0x0800039c                I2C2_EV_IRQHandler
                0x0800039c                CAN1_RX0_IRQHandler
                0x0800039c                FPU_IRQHandler
                0x0800039c                TIM1_UP_TIM16_IRQHandler
                0x0800039c                UsageFault_Handler
                0x0800039c                ADC1_2_IRQHandler
                0x0800039c                SPI1_IRQHandler
                0x0800039c                TIM6_DAC_IRQHandler
                0x0800039c                TIM8_UP_IRQHandler
                0x0800039c                DMA2_Channel2_IRQHandler
                0x0800039c                DMA1_Channel4_IRQHandler
                0x0800039c                SAI2_IRQHandler
                0x0800039c                DFSDM1_FLT3_IRQHandler
                0x0800039c                USART3_IRQHandler
                0x0800039c                DMA1_Channel7_IRQHandler
                0x0800039c                CAN1_RX1_IRQHandler
                0x0800039c                LCD_IRQHandler
                0x0800039c                UART5_IRQHandler
                0x0800039c                ADC3_IRQHandler
                0x0800039c                TIM4_IRQHandler
                0x0800039c                DMA2_Channel1_IRQHandler
                0x0800039c                QUADSPI_IRQHandler
                0x0800039c                I2C1_EV_IRQHandler
                0x0800039c                DMA1_Channel6_IRQHandler
                0x0800039c                UART4_IRQHandler
                0x0800039c                DMA2_Channel4_IRQHandler
                0x0800039c                TIM3_IRQHandler
                0x0800039c                RCC_IRQHandler
                0x0800039c                DMA1_Channel1_IRQHandler
                0x0800039c                Default_Handler
                0x0800039c                DMA2_Channel7_IRQHandler
                0x0800039c                EXTI15_10_IRQHandler
                0x0800039c                TIM7_IRQHandler
                0x0800039c                SDMMC1_IRQHandler
                0x0800039c                TIM5_IRQHandler
                0x0800039c                I2C3_EV_IRQHandler
                0x0800039c                EXTI9_5_IRQHandler
                0x0800039c                RTC_WKUP_IRQHandler
                0x0800039c                PVD_PVM_IRQHandler
                0x0800039c                SPI2_IRQHandler
                0x0800039c                MemManage_Handler
                0x0800039c                CAN1_TX_IRQHandler
                0x0800039c                SVC_Handler
                0x0800039c                DMA2_Channel5_IRQHandler
                0x0800039c                DMA1_Channel5_IRQHandler
                0x0800039c                EXTI4_IRQHandler
                0x0800039c                RNG_IRQHandler
                0x0800039c                TIM1_TRG_COM_TIM17_IRQHandler
                0x0800039c                DMA1_Channel3_IRQHandler
                0x0800039c                COMP_IRQHandler
                0x0800039c                WWDG_IRQHandler
                0x0800039c                LPUART1_IRQHandler
                0x0800039c                DMA2_Channel6_IRQHandler
                0x0800039c                TIM2_IRQHandler
                0x0800039c                EXTI1_IRQHandler
                0x0800039c                USART2_IRQHandler
                0x0800039c                DFSDM1_FLT0_IRQHandler
                0x0800039c                I2C2_ER_IRQHandler
                0x0800039c                DMA1_Channel2_IRQHandler
                0x0800039c                TIM8_BRK_IRQHandler
                0x0800039c                CAN1_SCE_IRQHandler
                0x0800039c                FLASH_IRQHandler
                0x0800039c                BusFault_Handler
                0x0800039c                USART1_IRQHandler
                0x0800039c                OTG_FS_IRQHandler
                0x0800039c                SPI3_IRQHandler
                0x0800039c                I2C1_ER_IRQHandler
                0x0800039c                FMC_IRQHandler
                0x0800039c                SWPMI1_IRQHandler
                0x0800039c                LPTIM1_IRQHandler
                0x0800039c                SAI1_IRQHandler
                0x0800039c                DMA2_Channel3_IRQHandler
                0x0800039c                TIM1_BRK_TIM15_IRQHandler
 *fill*         0x0800039e        0x2 
 .text.HAL_IncTick
                0x080003a0       0x1c D:\work\projects\eclipse_projects\stm32l476g-disco_hal_lib\Debug\libstm32l476g-disco_hal_lib.a(stm32l4xx_hal.o)
                0x080003a0                HAL_IncTick
 .text.HAL_GetTick
                0x080003bc       0x18 D:\work\projects\eclipse_projects\stm32l476g-disco_hal_lib\Debug\libstm32l476g-disco_hal_lib.a(stm32l4xx_hal.o)
                0x080003bc                HAL_GetTick
 .text.HAL_Delay
                0x080003d4       0x2c D:\work\projects\eclipse_projects\stm32l476g-disco_hal_lib\Debug\libstm32l476g-disco_hal_lib.a(stm32l4xx_hal.o)
                0x080003d4                HAL_Delay
 .text.NVIC_GetPriorityGrouping
                0x08000400       0x1c D:\work\projects\eclipse_projects\stm32l476g-disco_hal_lib\Debug\libstm32l476g-disco_hal_lib.a(stm32l4xx_hal_cortex.o)
 .text.NVIC_EnableIRQ
                0x0800041c       0x34 D:\work\projects\eclipse_projects\stm32l476g-disco_hal_lib\Debug\libstm32l476g-disco_hal_lib.a(stm32l4xx_hal_cortex.o)
 .text.NVIC_SetPriority
                0x08000450       0x54 D:\work\projects\eclipse_projects\stm32l476g-disco_hal_lib\Debug\libstm32l476g-disco_hal_lib.a(stm32l4xx_hal_cortex.o)
 .text.NVIC_EncodePriority
                0x080004a4       0x64 D:\work\projects\eclipse_projects\stm32l476g-disco_hal_lib\Debug\libstm32l476g-disco_hal_lib.a(stm32l4xx_hal_cortex.o)
 .text.HAL_NVIC_SetPriority
                0x08000508       0x38 D:\work\projects\eclipse_projects\stm32l476g-disco_hal_lib\Debug\libstm32l476g-disco_hal_lib.a(stm32l4xx_hal_cortex.o)
                0x08000508                HAL_NVIC_SetPriority
 .text.HAL_NVIC_EnableIRQ
                0x08000540       0x1c D:\work\projects\eclipse_projects\stm32l476g-disco_hal_lib\Debug\libstm32l476g-disco_hal_lib.a(stm32l4xx_hal_cortex.o)
                0x08000540                HAL_NVIC_EnableIRQ
 .text.HAL_SYSTICK_IRQHandler
                0x0800055c        0xc D:\work\projects\eclipse_projects\stm32l476g-disco_hal_lib\Debug\libstm32l476g-disco_hal_lib.a(stm32l4xx_hal_cortex.o)
                0x0800055c                HAL_SYSTICK_IRQHandler
 .text.HAL_SYSTICK_Callback
                0x08000568       0x10 D:\work\projects\eclipse_projects\stm32l476g-disco_hal_lib\Debug\libstm32l476g-disco_hal_lib.a(stm32l4xx_hal_cortex.o)
                0x08000568                HAL_SYSTICK_Callback
 .text.HAL_RCC_GetHCLKFreq
                0x08000578       0x18 D:\work\projects\eclipse_projects\stm32l476g-disco_hal_lib\Debug\libstm32l476g-disco_hal_lib.a(stm32l4xx_hal_rcc.o)
                0x08000578                HAL_RCC_GetHCLKFreq
 .text.BSP_LED_Init
                0x08000590       0x9c D:\work\projects\eclipse_projects\stm32l476g-disco_hal_lib\Debug\libstm32l476g-disco_hal_lib.a(stm32l476g_discovery.o)
                0x08000590                BSP_LED_Init
 .text.BSP_LED_Toggle
                0x0800062c       0x30 D:\work\projects\eclipse_projects\stm32l476g-disco_hal_lib\Debug\libstm32l476g-disco_hal_lib.a(stm32l476g_discovery.o)
                0x0800062c                BSP_LED_Toggle
 .text.BSP_JOY_Init
                0x0800065c      0x168 D:\work\projects\eclipse_projects\stm32l476g-disco_hal_lib\Debug\libstm32l476g-disco_hal_lib.a(stm32l476g_discovery.o)
                0x0800065c                BSP_JOY_Init
 .text.HAL_GPIO_Init
                0x080007c4      0x358 D:\work\projects\eclipse_projects\stm32l476g-disco_hal_lib\Debug\libstm32l476g-disco_hal_lib.a(stm32l4xx_hal_gpio.o)
                0x080007c4                HAL_GPIO_Init
 .text.HAL_GPIO_WritePin
                0x08000b1c       0x30 D:\work\projects\eclipse_projects\stm32l476g-disco_hal_lib\Debug\libstm32l476g-disco_hal_lib.a(stm32l4xx_hal_gpio.o)
                0x08000b1c                HAL_GPIO_WritePin
 .text.HAL_GPIO_TogglePin
                0x08000b4c       0x24 D:\work\projects\eclipse_projects\stm32l476g-disco_hal_lib\Debug\libstm32l476g-disco_hal_lib.a(stm32l4xx_hal_gpio.o)
                0x08000b4c                HAL_GPIO_TogglePin
 .text.__libc_init_array
                0x08000b70       0x50 c:/program files/eclipse/plugins/fr.ac6.mcu.externaltools.arm-none.win32_1.12.0.201611241417/tools/compiler/bin/../lib/gcc/arm-none-eabi/5.4.1/../../../../arm-none-eabi/lib/armv7e-m/fpu\libc.a(lib_a-init.o)
                0x08000b70                __libc_init_array
 .text.startup.register_fini
                0x08000bc0       0x14 c:/program files/eclipse/plugins/fr.ac6.mcu.externaltools.arm-none.win32_1.12.0.201611241417/tools/compiler/bin/../lib/gcc/arm-none-eabi/5.4.1/../../../../arm-none-eabi/lib/armv7e-m/fpu\libc.a(lib_a-__call_atexit.o)
 .text.atexit   0x08000bd4        0xc c:/program files/eclipse/plugins/fr.ac6.mcu.externaltools.arm-none.win32_1.12.0.201611241417/tools/compiler/bin/../lib/gcc/arm-none-eabi/5.4.1/../../../../arm-none-eabi/lib/armv7e-m/fpu\libc.a(lib_a-atexit.o)
                0x08000bd4                atexit
 .text.__libc_fini_array
                0x08000be0       0x28 c:/program files/eclipse/plugins/fr.ac6.mcu.externaltools.arm-none.win32_1.12.0.201611241417/tools/compiler/bin/../lib/gcc/arm-none-eabi/5.4.1/../../../../arm-none-eabi/lib/armv7e-m/fpu\libc.a(lib_a-fini.o)
                0x08000be0                __libc_fini_array
 .text.__register_exitproc
                0x08000c08       0xa4 c:/program files/eclipse/plugins/fr.ac6.mcu.externaltools.arm-none.win32_1.12.0.201611241417/tools/compiler/bin/../lib/gcc/arm-none-eabi/5.4.1/../../../../arm-none-eabi/lib/armv7e-m/fpu\libc.a(lib_a-__atexit.o)
                0x08000c08                __register_exitproc
 *(.glue_7)
 .glue_7        0x08000cac        0x0 linker stubs
 *(.glue_7t)
 .glue_7t       0x08000cac        0x0 linker stubs
 *(.eh_frame)
 .eh_frame      0x08000cac        0x0 c:/program files/eclipse/plugins/fr.ac6.mcu.externaltools.arm-none.win32_1.12.0.201611241417/tools/compiler/bin/../lib/gcc/arm-none-eabi/5.4.1/armv7e-m/fpu/crtbegin.o
 *(.init)
 .init          0x08000cac        0x4 c:/program files/eclipse/plugins/fr.ac6.mcu.externaltools.arm-none.win32_1.12.0.201611241417/tools/compiler/bin/../lib/gcc/arm-none-eabi/5.4.1/armv7e-m/fpu/crti.o
                0x08000cac                _init
 .init          0x08000cb0        0x8 c:/program files/eclipse/plugins/fr.ac6.mcu.externaltools.arm-none.win32_1.12.0.201611241417/tools/compiler/bin/../lib/gcc/arm-none-eabi/5.4.1/armv7e-m/fpu/crtn.o
 *(.fini)
 .fini          0x08000cb8        0x4 c:/program files/eclipse/plugins/fr.ac6.mcu.externaltools.arm-none.win32_1.12.0.201611241417/tools/compiler/bin/../lib/gcc/arm-none-eabi/5.4.1/armv7e-m/fpu/crti.o
                0x08000cb8                _fini
 .fini          0x08000cbc        0x8 c:/program files/eclipse/plugins/fr.ac6.mcu.externaltools.arm-none.win32_1.12.0.201611241417/tools/compiler/bin/../lib/gcc/arm-none-eabi/5.4.1/armv7e-m/fpu/crtn.o
                0x08000cc8                . = ALIGN (0x8)
 *fill*         0x08000cc4        0x4 
                0x08000cc8                _etext = .

.vfp11_veneer   0x08000cc8        0x0
 .vfp11_veneer  0x08000cc8        0x0 linker stubs

.v4_bx          0x08000cc8        0x0
 .v4_bx         0x08000cc8        0x0 linker stubs

.iplt           0x08000cc8        0x0
 .iplt          0x08000cc8        0x0 c:/program files/eclipse/plugins/fr.ac6.mcu.externaltools.arm-none.win32_1.12.0.201611241417/tools/compiler/bin/../lib/gcc/arm-none-eabi/5.4.1/armv7e-m/fpu/crtbegin.o

.rodata         0x08000cc8       0x20
                0x08000cc8                . = ALIGN (0x8)
 *(.rodata)
 .rodata        0x08000cc8       0x15 D:\work\projects\eclipse_projects\stm32l476g-disco_hal_lib\Debug\libstm32l476g-disco_hal_lib.a(stm32l476g_discovery.o)
                0x08000cc8                LED_PIN
                0x08000ccc                JOY_PIN
                0x08000cd8                JOY_IRQn
 *(.rodata*)
 *fill*         0x08000cdd        0x3 
 .rodata.str1.4
                0x08000ce0        0x4 c:/program files/eclipse/plugins/fr.ac6.mcu.externaltools.arm-none.win32_1.12.0.201611241417/tools/compiler/bin/../lib/gcc/arm-none-eabi/5.4.1/../../../../arm-none-eabi/lib/armv7e-m/fpu\libc.a(lib_a-impure.o)
                                  0x2 (size before relaxing)
 .rodata._global_impure_ptr
                0x08000ce4        0x4 c:/program files/eclipse/plugins/fr.ac6.mcu.externaltools.arm-none.win32_1.12.0.201611241417/tools/compiler/bin/../lib/gcc/arm-none-eabi/5.4.1/../../../../arm-none-eabi/lib/armv7e-m/fpu\libc.a(lib_a-impure.o)
                0x08000ce4                _global_impure_ptr
                0x08000ce8                . = ALIGN (0x8)

.rel.dyn        0x08000ce8        0x0
 .rel.iplt      0x08000ce8        0x0 c:/program files/eclipse/plugins/fr.ac6.mcu.externaltools.arm-none.win32_1.12.0.201611241417/tools/compiler/bin/../lib/gcc/arm-none-eabi/5.4.1/armv7e-m/fpu/crtbegin.o

.ARM.extab      0x08000ce8        0x0
                0x08000ce8                . = ALIGN (0x8)
 *(.ARM.extab* .gnu.linkonce.armextab.*)
                0x08000ce8                . = ALIGN (0x8)

.ARM            0x08000ce8        0x0
                0x08000ce8                . = ALIGN (0x8)
                0x08000ce8                __exidx_start = .
 *(.ARM.exidx*)
                0x08000ce8                __exidx_end = .
                0x08000ce8                . = ALIGN (0x8)

.preinit_array  0x08000ce8        0x0
                0x08000ce8                . = ALIGN (0x8)
                0x08000ce8                PROVIDE (__preinit_array_start, .)
 *(.preinit_array*)
                0x08000ce8                PROVIDE (__preinit_array_end, .)
                0x08000ce8                . = ALIGN (0x8)

.init_array     0x08000ce8        0x8
                0x08000ce8                . = ALIGN (0x8)
                0x08000ce8                PROVIDE (__init_array_start, .)
 *(SORT(.init_array.*))
 .init_array.00000
                0x08000ce8        0x4 c:/program files/eclipse/plugins/fr.ac6.mcu.externaltools.arm-none.win32_1.12.0.201611241417/tools/compiler/bin/../lib/gcc/arm-none-eabi/5.4.1/../../../../arm-none-eabi/lib/armv7e-m/fpu\libc.a(lib_a-__call_atexit.o)
 *(.init_array*)
 .init_array    0x08000cec        0x4 c:/program files/eclipse/plugins/fr.ac6.mcu.externaltools.arm-none.win32_1.12.0.201611241417/tools/compiler/bin/../lib/gcc/arm-none-eabi/5.4.1/armv7e-m/fpu/crtbegin.o
                0x08000cf0                PROVIDE (__init_array_end, .)
                0x08000cf0                . = ALIGN (0x8)

.fini_array     0x08000cf0        0x8
                0x08000cf0                . = ALIGN (0x8)
                0x08000cf0                PROVIDE (__fini_array_start, .)
 *(SORT(.fini_array.*))
 *(.fini_array*)
 .fini_array    0x08000cf0        0x4 c:/program files/eclipse/plugins/fr.ac6.mcu.externaltools.arm-none.win32_1.12.0.201611241417/tools/compiler/bin/../lib/gcc/arm-none-eabi/5.4.1/armv7e-m/fpu/crtbegin.o
                0x08000cf4                PROVIDE (__fini_array_end, .)
                0x08000cf8                . = ALIGN (0x8)
 *fill*         0x08000cf4        0x4 
                0x08000cf8                _sidata = LOADADDR (.data)

.data           0x20000000      0x458 load address 0x08000cf8
                0x20000000                . = ALIGN (0x8)
                0x20000000                _sdata = .
 *(.data)
 .data          0x20000000        0x4 src/main.o
                0x20000000                delay_time
 .data          0x20000004        0x4 src/system_stm32l4xx.o
                0x20000004                SystemCoreClock
 .data          0x20000008       0x28 D:\work\projects\eclipse_projects\stm32l476g-disco_hal_lib\Debug\libstm32l476g-disco_hal_lib.a(stm32l476g_discovery.o)
                0x20000008                LED_PORT
                0x20000010                JOY_PORT
                0x20000024                I2c1Timeout
                0x20000028                I2c2Timeout
                0x2000002c                SpixTimeout
 *(.data*)
 .data.impure_data
                0x20000030      0x428 c:/program files/eclipse/plugins/fr.ac6.mcu.externaltools.arm-none.win32_1.12.0.201611241417/tools/compiler/bin/../lib/gcc/arm-none-eabi/5.4.1/../../../../arm-none-eabi/lib/armv7e-m/fpu\libc.a(lib_a-impure.o)
                0x20000458                . = ALIGN (0x8)
                0x20000458                _edata = .

.jcr            0x20000458        0x0 load address 0x08001150
 .jcr           0x20000458        0x0 c:/program files/eclipse/plugins/fr.ac6.mcu.externaltools.arm-none.win32_1.12.0.201611241417/tools/compiler/bin/../lib/gcc/arm-none-eabi/5.4.1/armv7e-m/fpu/crtbegin.o

.igot.plt       0x20000458        0x0 load address 0x08001150
 .igot.plt      0x20000458        0x0 c:/program files/eclipse/plugins/fr.ac6.mcu.externaltools.arm-none.win32_1.12.0.201611241417/tools/compiler/bin/../lib/gcc/arm-none-eabi/5.4.1/armv7e-m/fpu/crtbegin.o
                0x20000458                . = ALIGN (0x4)

.bss            0x20000458       0x20 load address 0x08001150
                0x20000458                _sbss = .
                0x20000458                __bss_start__ = _sbss
 *(.bss)
 .bss           0x20000458       0x1c c:/program files/eclipse/plugins/fr.ac6.mcu.externaltools.arm-none.win32_1.12.0.201611241417/tools/compiler/bin/../lib/gcc/arm-none-eabi/5.4.1/armv7e-m/fpu/crtbegin.o
 *(.bss*)
 *(COMMON)
 COMMON         0x20000474        0x4 D:\work\projects\eclipse_projects\stm32l476g-disco_hal_lib\Debug\libstm32l476g-disco_hal_lib.a(stm32l4xx_hal.o)
                0x20000474                uwTick
                0x20000478                . = ALIGN (0x4)
                0x20000478                _ebss = .
                0x20000478                __bss_end__ = _ebss

._user_heap_stack
                0x20000478      0x600 load address 0x08001150
                0x20000478                . = ALIGN (0x8)
                0x20000478                PROVIDE (end, .)
                [!provide]                PROVIDE (_end, .)
                0x20000678                . = (. + _Min_Heap_Size)
 *fill*         0x20000478      0x200 
                0x20000a78                . = (. + _Min_Stack_Size)
 *fill*         0x20000678      0x400 
                0x20000a78                . = ALIGN (0x8)

/DISCARD/
 libc.a(*)
 libm.a(*)
 libgcc.a(*)

.ARM.attributes
                0x00000000       0x30
 *(.ARM.attributes)
 .ARM.attributes
                0x00000000       0x22 c:/program files/eclipse/plugins/fr.ac6.mcu.externaltools.arm-none.win32_1.12.0.201611241417/tools/compiler/bin/../lib/gcc/arm-none-eabi/5.4.1/armv7e-m/fpu/crti.o
 .ARM.attributes
                0x00000022       0x34 c:/program files/eclipse/plugins/fr.ac6.mcu.externaltools.arm-none.win32_1.12.0.201611241417/tools/compiler/bin/../lib/gcc/arm-none-eabi/5.4.1/armv7e-m/fpu/crtbegin.o
 .ARM.attributes
                0x00000056       0x39 src/main.o
 .ARM.attributes
                0x0000008f       0x39 src/stm32l4xx_it.o
 .ARM.attributes
                0x000000c8       0x39 src/system_stm32l4xx.o
 .ARM.attributes
                0x00000101       0x21 startup/startup_stm32l476xx.o
 .ARM.attributes
                0x00000122       0x39 D:\work\projects\eclipse_projects\stm32l476g-disco_hal_lib\Debug\libstm32l476g-disco_hal_lib.a(stm32l4xx_hal.o)
 .ARM.attributes
                0x0000015b       0x39 D:\work\projects\eclipse_projects\stm32l476g-disco_hal_lib\Debug\libstm32l476g-disco_hal_lib.a(stm32l4xx_hal_cortex.o)
 .ARM.attributes
                0x00000194       0x39 D:\work\projects\eclipse_projects\stm32l476g-disco_hal_lib\Debug\libstm32l476g-disco_hal_lib.a(stm32l4xx_hal_rcc.o)
 .ARM.attributes
                0x000001cd       0x39 D:\work\projects\eclipse_projects\stm32l476g-disco_hal_lib\Debug\libstm32l476g-disco_hal_lib.a(stm32l476g_discovery.o)
 .ARM.attributes
                0x00000206       0x39 D:\work\projects\eclipse_projects\stm32l476g-disco_hal_lib\Debug\libstm32l476g-disco_hal_lib.a(stm32l4xx_hal_gpio.o)
 .ARM.attributes
                0x0000023f       0x34 c:/program files/eclipse/plugins/fr.ac6.mcu.externaltools.arm-none.win32_1.12.0.201611241417/tools/compiler/bin/../lib/gcc/arm-none-eabi/5.4.1/../../../../arm-none-eabi/lib/armv7e-m/fpu\libc.a(lib_a-impure.o)
 .ARM.attributes
                0x00000273       0x34 c:/program files/eclipse/plugins/fr.ac6.mcu.externaltools.arm-none.win32_1.12.0.201611241417/tools/compiler/bin/../lib/gcc/arm-none-eabi/5.4.1/../../../../arm-none-eabi/lib/armv7e-m/fpu\libc.a(lib_a-init.o)
 .ARM.attributes
                0x000002a7       0x34 c:/program files/eclipse/plugins/fr.ac6.mcu.externaltools.arm-none.win32_1.12.0.201611241417/tools/compiler/bin/../lib/gcc/arm-none-eabi/5.4.1/../../../../arm-none-eabi/lib/armv7e-m/fpu\libc.a(lib_a-__call_atexit.o)
 .ARM.attributes
                0x000002db       0x34 c:/program files/eclipse/plugins/fr.ac6.mcu.externaltools.arm-none.win32_1.12.0.201611241417/tools/compiler/bin/../lib/gcc/arm-none-eabi/5.4.1/../../../../arm-none-eabi/lib/armv7e-m/fpu\libc.a(lib_a-atexit.o)
 .ARM.attributes
                0x0000030f       0x34 c:/program files/eclipse/plugins/fr.ac6.mcu.externaltools.arm-none.win32_1.12.0.201611241417/tools/compiler/bin/../lib/gcc/arm-none-eabi/5.4.1/../../../../arm-none-eabi/lib/armv7e-m/fpu\libc.a(lib_a-fini.o)
 .ARM.attributes
                0x00000343       0x34 c:/program files/eclipse/plugins/fr.ac6.mcu.externaltools.arm-none.win32_1.12.0.201611241417/tools/compiler/bin/../lib/gcc/arm-none-eabi/5.4.1/../../../../arm-none-eabi/lib/armv7e-m/fpu\libc.a(lib_a-__atexit.o)
 .ARM.attributes
                0x00000377       0x22 c:/program files/eclipse/plugins/fr.ac6.mcu.externaltools.arm-none.win32_1.12.0.201611241417/tools/compiler/bin/../lib/gcc/arm-none-eabi/5.4.1/armv7e-m/fpu/crtn.o
OUTPUT(example.elf elf32-littlearm)

.debug_info     0x00000000     0x5ee9
 .debug_info    0x00000000      0x744 src/main.o
 .debug_info    0x00000744       0xbd src/stm32l4xx_it.o
 .debug_info    0x00000801      0x5ac src/system_stm32l4xx.o
 .debug_info    0x00000dad       0x75 startup/startup_stm32l476xx.o
 .debug_info    0x00000e22      0x98f D:\work\projects\eclipse_projects\stm32l476g-disco_hal_lib\Debug\libstm32l476g-disco_hal_lib.a(stm32l4xx_hal.o)
 .debug_info    0x000017b1      0xd28 D:\work\projects\eclipse_projects\stm32l476g-disco_hal_lib\Debug\libstm32l476g-disco_hal_lib.a(stm32l4xx_hal_cortex.o)
 .debug_info    0x000024d9      0xf22 D:\work\projects\eclipse_projects\stm32l476g-disco_hal_lib\Debug\libstm32l476g-disco_hal_lib.a(stm32l4xx_hal_rcc.o)
 .debug_info    0x000033fb     0x230d D:\work\projects\eclipse_projects\stm32l476g-disco_hal_lib\Debug\libstm32l476g-disco_hal_lib.a(stm32l476g_discovery.o)
 .debug_info    0x00005708      0x7e1 D:\work\projects\eclipse_projects\stm32l476g-disco_hal_lib\Debug\libstm32l476g-disco_hal_lib.a(stm32l4xx_hal_gpio.o)

.debug_abbrev   0x00000000      0xea3
 .debug_abbrev  0x00000000      0x1a5 src/main.o
 .debug_abbrev  0x000001a5       0x6a src/stm32l4xx_it.o
 .debug_abbrev  0x0000020f      0x125 src/system_stm32l4xx.o
 .debug_abbrev  0x00000334       0x12 startup/startup_stm32l476xx.o
 .debug_abbrev  0x00000346      0x1c1 D:\work\projects\eclipse_projects\stm32l476g-disco_hal_lib\Debug\libstm32l476g-disco_hal_lib.a(stm32l4xx_hal.o)
 .debug_abbrev  0x00000507      0x2b0 D:\work\projects\eclipse_projects\stm32l476g-disco_hal_lib\Debug\libstm32l476g-disco_hal_lib.a(stm32l4xx_hal_cortex.o)
 .debug_abbrev  0x000007b7      0x28c D:\work\projects\eclipse_projects\stm32l476g-disco_hal_lib\Debug\libstm32l476g-disco_hal_lib.a(stm32l4xx_hal_rcc.o)
 .debug_abbrev  0x00000a43      0x2b1 D:\work\projects\eclipse_projects\stm32l476g-disco_hal_lib\Debug\libstm32l476g-disco_hal_lib.a(stm32l476g_discovery.o)
 .debug_abbrev  0x00000cf4      0x1af D:\work\projects\eclipse_projects\stm32l476g-disco_hal_lib\Debug\libstm32l476g-disco_hal_lib.a(stm32l4xx_hal_gpio.o)

.debug_aranges  0x00000000      0x598
 .debug_aranges
                0x00000000       0x40 src/main.o
 .debug_aranges
                0x00000040       0x20 src/stm32l4xx_it.o
 .debug_aranges
                0x00000060       0x28 src/system_stm32l4xx.o
 .debug_aranges
                0x00000088       0x28 startup/startup_stm32l476xx.o
 .debug_aranges
                0x000000b0      0x100 D:\work\projects\eclipse_projects\stm32l476g-disco_hal_lib\Debug\libstm32l476g-disco_hal_lib.a(stm32l4xx_hal.o)
 .debug_aranges
                0x000001b0      0x108 D:\work\projects\eclipse_projects\stm32l476g-disco_hal_lib\Debug\libstm32l476g-disco_hal_lib.a(stm32l4xx_hal_cortex.o)
 .debug_aranges
                0x000002b8       0x88 D:\work\projects\eclipse_projects\stm32l476g-disco_hal_lib\Debug\libstm32l476g-disco_hal_lib.a(stm32l4xx_hal_rcc.o)
 .debug_aranges
                0x00000340      0x200 D:\work\projects\eclipse_projects\stm32l476g-disco_hal_lib\Debug\libstm32l476g-disco_hal_lib.a(stm32l476g_discovery.o)
 .debug_aranges
                0x00000540       0x58 D:\work\projects\eclipse_projects\stm32l476g-disco_hal_lib\Debug\libstm32l476g-disco_hal_lib.a(stm32l4xx_hal_gpio.o)

.debug_ranges   0x00000000      0x510
 .debug_ranges  0x00000000       0x30 src/main.o
 .debug_ranges  0x00000030       0x10 src/stm32l4xx_it.o
 .debug_ranges  0x00000040       0x18 src/system_stm32l4xx.o
 .debug_ranges  0x00000058       0x20 startup/startup_stm32l476xx.o
 .debug_ranges  0x00000078       0xf0 D:\work\projects\eclipse_projects\stm32l476g-disco_hal_lib\Debug\libstm32l476g-disco_hal_lib.a(stm32l4xx_hal.o)
 .debug_ranges  0x00000168       0xf8 D:\work\projects\eclipse_projects\stm32l476g-disco_hal_lib\Debug\libstm32l476g-disco_hal_lib.a(stm32l4xx_hal_cortex.o)
 .debug_ranges  0x00000260       0x78 D:\work\projects\eclipse_projects\stm32l476g-disco_hal_lib\Debug\libstm32l476g-disco_hal_lib.a(stm32l4xx_hal_rcc.o)
 .debug_ranges  0x000002d8      0x1f0 D:\work\projects\eclipse_projects\stm32l476g-disco_hal_lib\Debug\libstm32l476g-disco_hal_lib.a(stm32l476g_discovery.o)
 .debug_ranges  0x000004c8       0x48 D:\work\projects\eclipse_projects\stm32l476g-disco_hal_lib\Debug\libstm32l476g-disco_hal_lib.a(stm32l4xx_hal_gpio.o)

.debug_macro    0x00000000    0x2cc11
 .debug_macro   0x00000000      0x4ce src/main.o
 .debug_macro   0x000004ce      0x8aa src/main.o
 .debug_macro   0x00000d78       0x28 src/main.o
 .debug_macro   0x00000da0       0x28 src/main.o
 .debug_macro   0x00000dc8       0x22 src/main.o
 .debug_macro   0x00000dea       0x87 src/main.o
 .debug_macro   0x00000e71       0x44 src/main.o
 .debug_macro   0x00000eb5       0xfd src/main.o
 .debug_macro   0x00000fb2       0x5e src/main.o
 .debug_macro   0x00001010      0x1df src/main.o
 .debug_macro   0x000011ef       0x35 src/main.o
 .debug_macro   0x00001224       0x50 src/main.o
 .debug_macro   0x00001274      0xe66 src/main.o
 .debug_macro   0x000020da    0x1a13b src/main.o
 .debug_macro   0x0001c215       0x43 src/main.o
 .debug_macro   0x0001c258      0x166 src/main.o
 .debug_macro   0x0001c3be     0x359e src/main.o
 .debug_macro   0x0001f95c       0x52 src/main.o
 .debug_macro   0x0001f9ae       0x35 src/main.o
 .debug_macro   0x0001f9e3       0x9c src/main.o
 .debug_macro   0x0001fa7f       0x16 src/main.o
 .debug_macro   0x0001fa95       0x97 src/main.o
 .debug_macro   0x0001fb2c      0x30d src/main.o
 .debug_macro   0x0001fe39       0xfd src/main.o
 .debug_macro   0x0001ff36       0x10 src/main.o
 .debug_macro   0x0001ff46       0x52 src/main.o
 .debug_macro   0x0001ff98       0x1f src/main.o
 .debug_macro   0x0001ffb7       0x43 src/main.o
 .debug_macro   0x0001fffa       0x20 src/main.o
 .debug_macro   0x0002001a      0x187 src/main.o
 .debug_macro   0x000201a1       0x10 src/main.o
 .debug_macro   0x000201b1       0x1c src/main.o
 .debug_macro   0x000201cd       0x52 src/main.o
 .debug_macro   0x0002021f       0x40 src/main.o
 .debug_macro   0x0002025f       0x10 src/main.o
 .debug_macro   0x0002026f       0x40 src/main.o
 .debug_macro   0x000202af       0xd7 src/main.o
 .debug_macro   0x00020386       0x16 src/main.o
 .debug_macro   0x0002039c      0x189 src/main.o
 .debug_macro   0x00020525       0x57 src/main.o
 .debug_macro   0x0002057c     0x1566 src/main.o
 .debug_macro   0x00021ae2      0x59e src/main.o
 .debug_macro   0x00022080      0x148 src/main.o
 .debug_macro   0x000221c8      0x18b src/main.o
 .debug_macro   0x00022353      0x25d src/main.o
 .debug_macro   0x000225b0      0x29c src/main.o
 .debug_macro   0x0002284c      0x23a src/main.o
 .debug_macro   0x00022a86      0x401 src/main.o
 .debug_macro   0x00022e87      0x5c1 src/main.o
 .debug_macro   0x00023448      0x360 src/main.o
 .debug_macro   0x000237a8      0x263 src/main.o
 .debug_macro   0x00023a0b       0xd5 src/main.o
 .debug_macro   0x00023ae0       0x4d src/main.o
 .debug_macro   0x00023b2d      0x153 src/main.o
 .debug_macro   0x00023c80       0xd9 src/main.o
 .debug_macro   0x00023d59       0xad src/main.o
 .debug_macro   0x00023e06      0x367 src/main.o
 .debug_macro   0x0002416d       0x10 src/main.o
 .debug_macro   0x0002417d       0xe4 src/main.o
 .debug_macro   0x00024261      0x305 src/main.o
 .debug_macro   0x00024566       0x71 src/main.o
 .debug_macro   0x000245d7       0xb3 src/main.o
 .debug_macro   0x0002468a      0x202 src/main.o
 .debug_macro   0x0002488c       0x61 src/main.o
 .debug_macro   0x000248ed       0x90 src/main.o
 .debug_macro   0x0002497d       0x87 src/main.o
 .debug_macro   0x00024a04      0x3e5 src/main.o
 .debug_macro   0x00024de9      0x272 src/main.o
 .debug_macro   0x0002505b       0xff src/main.o
 .debug_macro   0x0002515a      0x126 src/main.o
 .debug_macro   0x00025280      0x3dc src/main.o
 .debug_macro   0x0002565c      0x2a3 src/main.o
 .debug_macro   0x000258ff       0x6d src/main.o
 .debug_macro   0x0002596c      0x321 src/main.o
 .debug_macro   0x00025c8d      0x4ce src/main.o
 .debug_macro   0x0002615b       0xdd src/main.o
 .debug_macro   0x00026238      0x447 src/main.o
 .debug_macro   0x0002667f      0x398 src/main.o
 .debug_macro   0x00026a17      0x22b src/main.o
 .debug_macro   0x00026c42      0x34f src/main.o
 .debug_macro   0x00026f91      0x2e2 src/main.o
 .debug_macro   0x00027273      0x14c src/main.o
 .debug_macro   0x000273bf      0x9c6 src/main.o
 .debug_macro   0x00027d85      0x1df src/main.o
 .debug_macro   0x00027f64      0x46a src/main.o
 .debug_macro   0x000283ce      0x535 src/main.o
 .debug_macro   0x00028903       0x44 src/main.o
 .debug_macro   0x00028947      0x241 src/main.o
 .debug_macro   0x00028b88       0x31 src/main.o
 .debug_macro   0x00028bb9      0x256 src/main.o
 .debug_macro   0x00028e0f       0x10 src/main.o
 .debug_macro   0x00028e1f      0x248 src/main.o
 .debug_macro   0x00029067      0x12f src/main.o
 .debug_macro   0x00029196       0x89 src/main.o
 .debug_macro   0x0002921f      0x1d1 src/main.o
 .debug_macro   0x000293f0       0xa5 src/main.o
 .debug_macro   0x00029495       0x68 src/main.o
 .debug_macro   0x000294fd      0x31d src/main.o
 .debug_macro   0x0002981a      0x462 src/main.o
 .debug_macro   0x00029c7c      0x4cf src/stm32l4xx_it.o
 .debug_macro   0x0002a14b      0x4cc src/system_stm32l4xx.o
 .debug_macro   0x0002a617      0x513 D:\work\projects\eclipse_projects\stm32l476g-disco_hal_lib\Debug\libstm32l476g-disco_hal_lib.a(stm32l4xx_hal.o)
 .debug_macro   0x0002ab2a      0x8a4 D:\work\projects\eclipse_projects\stm32l476g-disco_hal_lib\Debug\libstm32l476g-disco_hal_lib.a(stm32l4xx_hal.o)
 .debug_macro   0x0002b3ce      0x4c5 D:\work\projects\eclipse_projects\stm32l476g-disco_hal_lib\Debug\libstm32l476g-disco_hal_lib.a(stm32l4xx_hal_cortex.o)
 .debug_macro   0x0002b893      0x507 D:\work\projects\eclipse_projects\stm32l476g-disco_hal_lib\Debug\libstm32l476g-disco_hal_lib.a(stm32l4xx_hal_rcc.o)
 .debug_macro   0x0002bd9a      0x50d D:\work\projects\eclipse_projects\stm32l476g-disco_hal_lib\Debug\libstm32l476g-disco_hal_lib.a(stm32l476g_discovery.o)
 .debug_macro   0x0002c2a7       0x10 D:\work\projects\eclipse_projects\stm32l476g-disco_hal_lib\Debug\libstm32l476g-disco_hal_lib.a(stm32l476g_discovery.o)
 .debug_macro   0x0002c2b7      0x456 D:\work\projects\eclipse_projects\stm32l476g-disco_hal_lib\Debug\libstm32l476g-disco_hal_lib.a(stm32l476g_discovery.o)
 .debug_macro   0x0002c70d      0x504 D:\work\projects\eclipse_projects\stm32l476g-disco_hal_lib\Debug\libstm32l476g-disco_hal_lib.a(stm32l4xx_hal_gpio.o)

.debug_line     0x00000000     0x70f9
 .debug_line    0x00000000      0xc8c src/main.o
 .debug_line    0x00000c8c      0xbf7 src/stm32l4xx_it.o
 .debug_line    0x00001883      0xbf2 src/system_stm32l4xx.o
 .debug_line    0x00002475       0x7f startup/startup_stm32l476xx.o
 .debug_line    0x000024f4      0xddd D:\work\projects\eclipse_projects\stm32l476g-disco_hal_lib\Debug\libstm32l476g-disco_hal_lib.a(stm32l4xx_hal.o)
 .debug_line    0x000032d1      0xe90 D:\work\projects\eclipse_projects\stm32l476g-disco_hal_lib\Debug\libstm32l476g-disco_hal_lib.a(stm32l4xx_hal_cortex.o)
 .debug_line    0x00004161      0xfa9 D:\work\projects\eclipse_projects\stm32l476g-disco_hal_lib\Debug\libstm32l476g-disco_hal_lib.a(stm32l4xx_hal_rcc.o)
 .debug_line    0x0000510a     0x1278 D:\work\projects\eclipse_projects\stm32l476g-disco_hal_lib\Debug\libstm32l476g-disco_hal_lib.a(stm32l476g_discovery.o)
 .debug_line    0x00006382      0xd77 D:\work\projects\eclipse_projects\stm32l476g-disco_hal_lib\Debug\libstm32l476g-disco_hal_lib.a(stm32l4xx_hal_gpio.o)

.debug_str      0x00000000   0x1218d2
 .debug_str     0x00000000   0x11f342 src/main.o
                             0x11f724 (size before relaxing)
 .debug_str     0x0011f342       0x38 src/stm32l4xx_it.o
                             0x11d1bd (size before relaxing)
 .debug_str     0x0011f37a      0x1c0 src/system_stm32l4xx.o
                             0x11d3fc (size before relaxing)
 .debug_str     0x0011f53a      0x5de D:\work\projects\eclipse_projects\stm32l476g-disco_hal_lib\Debug\libstm32l476g-disco_hal_lib.a(stm32l4xx_hal.o)
                             0x11de81 (size before relaxing)
 .debug_str     0x0011fb18      0x304 D:\work\projects\eclipse_projects\stm32l476g-disco_hal_lib\Debug\libstm32l476g-disco_hal_lib.a(stm32l4xx_hal_cortex.o)
                             0x11dbca (size before relaxing)
 .debug_str     0x0011fe1c      0x600 D:\work\projects\eclipse_projects\stm32l476g-disco_hal_lib\Debug\libstm32l476g-disco_hal_lib.a(stm32l4xx_hal_rcc.o)
                             0x11d9f8 (size before relaxing)
 .debug_str     0x0012041c     0x125c D:\work\projects\eclipse_projects\stm32l476g-disco_hal_lib\Debug\libstm32l476g-disco_hal_lib.a(stm32l476g_discovery.o)
                             0x120b22 (size before relaxing)
 .debug_str     0x00121678      0x25a D:\work\projects\eclipse_projects\stm32l476g-disco_hal_lib\Debug\libstm32l476g-disco_hal_lib.a(stm32l4xx_hal_gpio.o)
                             0x11d682 (size before relaxing)

.comment        0x00000000       0x6e
 .comment       0x00000000       0x6e src/main.o
                                 0x6f (size before relaxing)
 .comment       0x0000006e       0x6f src/stm32l4xx_it.o
 .comment       0x0000006e       0x6f src/system_stm32l4xx.o
 .comment       0x0000006e       0x6f D:\work\projects\eclipse_projects\stm32l476g-disco_hal_lib\Debug\libstm32l476g-disco_hal_lib.a(stm32l4xx_hal.o)
 .comment       0x0000006e       0x6f D:\work\projects\eclipse_projects\stm32l476g-disco_hal_lib\Debug\libstm32l476g-disco_hal_lib.a(stm32l4xx_hal_cortex.o)
 .comment       0x0000006e       0x6f D:\work\projects\eclipse_projects\stm32l476g-disco_hal_lib\Debug\libstm32l476g-disco_hal_lib.a(stm32l4xx_hal_rcc.o)
 .comment       0x0000006e       0x6f D:\work\projects\eclipse_projects\stm32l476g-disco_hal_lib\Debug\libstm32l476g-disco_hal_lib.a(stm32l476g_discovery.o)
 .comment       0x0000006e       0x6f D:\work\projects\eclipse_projects\stm32l476g-disco_hal_lib\Debug\libstm32l476g-disco_hal_lib.a(stm32l4xx_hal_gpio.o)

.debug_frame    0x00000000     0x1610
 .debug_frame   0x00000000       0xb8 src/main.o
 .debug_frame   0x000000b8       0x2c src/stm32l4xx_it.o
 .debug_frame   0x000000e4       0x58 src/system_stm32l4xx.o
 .debug_frame   0x0000013c      0x3cc D:\work\projects\eclipse_projects\stm32l476g-disco_hal_lib\Debug\libstm32l476g-disco_hal_lib.a(stm32l4xx_hal.o)
 .debug_frame   0x00000508      0x450 D:\work\projects\eclipse_projects\stm32l476g-disco_hal_lib\Debug\libstm32l476g-disco_hal_lib.a(stm32l4xx_hal_cortex.o)
 .debug_frame   0x00000958      0x204 D:\work\projects\eclipse_projects\stm32l476g-disco_hal_lib\Debug\libstm32l476g-disco_hal_lib.a(stm32l4xx_hal_rcc.o)
 .debug_frame   0x00000b5c      0x864 D:\work\projects\eclipse_projects\stm32l476g-disco_hal_lib\Debug\libstm32l476g-disco_hal_lib.a(stm32l476g_discovery.o)
 .debug_frame   0x000013c0      0x14c D:\work\projects\eclipse_projects\stm32l476g-disco_hal_lib\Debug\libstm32l476g-disco_hal_lib.a(stm32l4xx_hal_gpio.o)
 .debug_frame   0x0000150c       0x2c c:/program files/eclipse/plugins/fr.ac6.mcu.externaltools.arm-none.win32_1.12.0.201611241417/tools/compiler/bin/../lib/gcc/arm-none-eabi/5.4.1/../../../../arm-none-eabi/lib/armv7e-m/fpu\libc.a(lib_a-init.o)
 .debug_frame   0x00001538       0x50 c:/program files/eclipse/plugins/fr.ac6.mcu.externaltools.arm-none.win32_1.12.0.201611241417/tools/compiler/bin/../lib/gcc/arm-none-eabi/5.4.1/../../../../arm-none-eabi/lib/armv7e-m/fpu\libc.a(lib_a-__call_atexit.o)
 .debug_frame   0x00001588       0x20 c:/program files/eclipse/plugins/fr.ac6.mcu.externaltools.arm-none.win32_1.12.0.201611241417/tools/compiler/bin/../lib/gcc/arm-none-eabi/5.4.1/../../../../arm-none-eabi/lib/armv7e-m/fpu\libc.a(lib_a-atexit.o)
 .debug_frame   0x000015a8       0x34 c:/program files/eclipse/plugins/fr.ac6.mcu.externaltools.arm-none.win32_1.12.0.201611241417/tools/compiler/bin/../lib/gcc/arm-none-eabi/5.4.1/../../../../arm-none-eabi/lib/armv7e-m/fpu\libc.a(lib_a-fini.o)
 .debug_frame   0x000015dc       0x34 c:/program files/eclipse/plugins/fr.ac6.mcu.externaltools.arm-none.win32_1.12.0.201611241417/tools/compiler/bin/../lib/gcc/arm-none-eabi/5.4.1/../../../../arm-none-eabi/lib/armv7e-m/fpu\libc.a(lib_a-__atexit.o)
